==703438== Memcheck, a memory error detector
==703438== Copyright (C) 2002-2017, and GNU GPL'd, by Julian Seward et al.
==703438== Using Valgrind-3.18.1 and LibVEX; rerun with -h for copyright info
==703438== Command: ./minishell
==703438== Parent PID: 686721
==703438== 
==703443== Invalid read of size 1
==703443==    at 0x109F28: pipe_check (pipe_parsing.c:117)
==703443==    by 0x10A11B: pipe_parsing (pipe_parsing.c:186)
==703443==    by 0x1099A1: pipe_noding (pipe_noding.c:111)
==703443==    by 0x109624: main (main.c:83)
==703443==  Address 0x4b69e9b is 0 bytes after a block of size 11 alloc'd
==703443==    at 0x4848899: malloc (in /usr/libexec/valgrind/vgpreload_memcheck-amd64-linux.so)
==703443==    by 0x10EDE3: ft_strdup (in /home/armitite/Cursus/MinishellFaireCmdEspace/Minishell/minishell)
==703443==    by 0x10CCAF: clean_string (expander_utils.c:89)
==703443==    by 0x10C70C: expander (expander.c:90)
==703443==    by 0x10A0FE: pipe_parsing (pipe_parsing.c:184)
==703443==    by 0x1099A1: pipe_noding (pipe_noding.c:111)
==703443==    by 0x109624: main (main.c:83)
==703443== 
==703443== 
==703443== HEAP SUMMARY:
==703443==     in use at exit: 215,829 bytes in 537 blocks
==703443==   total heap usage: 859 allocs, 322 frees, 238,368 bytes allocated
==703443== 
==703443== 1 bytes in 1 blocks are still reachable in loss record 1 of 76
==703443==    at 0x4848899: malloc (in /usr/libexec/valgrind/vgpreload_memcheck-amd64-linux.so)
==703443==    by 0x10EDE3: ft_strdup (in /home/armitite/Cursus/MinishellFaireCmdEspace/Minishell/minishell)
==703443==    by 0x10EE8F: ft_substr (in /home/armitite/Cursus/MinishellFaireCmdEspace/Minishell/minishell)
==703443==    by 0x10D928: append_list (env.c:60)
==703443==    by 0x10DC27: make_envlist (env.c:138)
==703443==    by 0x109549: main (main.c:58)
==703443== 
==703443== 2 bytes in 1 blocks are still reachable in loss record 2 of 76
==703443==    at 0x4848899: malloc (in /usr/libexec/valgrind/vgpreload_memcheck-amd64-linux.so)
==703443==    by 0x10F14C: ft_itoa (in /home/armitite/Cursus/MinishellFaireCmdEspace/Minishell/minishell)
==703443==    by 0x10DB19: ft_shlvl (env.c:118)
==703443==    by 0x10DBED: make_envlist (env.c:136)
==703443==    by 0x109549: main (main.c:58)
==703443== 
==703443== 7 bytes in 1 blocks are still reachable in loss record 3 of 76
==703443==    at 0x4848899: malloc (in /usr/libexec/valgrind/vgpreload_memcheck-amd64-linux.so)
==703443==    by 0x10F8AB: ft_calloc (in /home/armitite/Cursus/MinishellFaireCmdEspace/Minishell/minishell)
==703443==    by 0x10EED7: ft_substr (in /home/armitite/Cursus/MinishellFaireCmdEspace/Minishell/minishell)
==703443==    by 0x10D905: append_list (env.c:59)
==703443==    by 0x10DC27: make_envlist (env.c:138)
==703443==    by 0x109549: main (main.c:58)
==703443== 
==703443== 8 bytes in 1 blocks are still reachable in loss record 4 of 76
==703443==    at 0x4848899: malloc (in /usr/libexec/valgrind/vgpreload_memcheck-amd64-linux.so)
==703443==    by 0x48AB4A7: xrealloc (in /usr/lib/x86_64-linux-gnu/libreadline.so.8.1)
==703443==    by 0x48977F6: ??? (in /usr/lib/x86_64-linux-gnu/libreadline.so.8.1)
==703443==    by 0x4897E0D: rl_expand_prompt (in /usr/lib/x86_64-linux-gnu/libreadline.so.8.1)
==703443==    by 0x48871BF: rl_set_prompt (in /usr/lib/x86_64-linux-gnu/libreadline.so.8.1)
==703443==    by 0x4892CCF: readline (in /usr/lib/x86_64-linux-gnu/libreadline.so.8.1)
==703443==    by 0x109578: main (main.c:63)
==703443== 
==703443== 8 bytes in 1 blocks are still reachable in loss record 5 of 76
==703443==    at 0x4848899: malloc (in /usr/libexec/valgrind/vgpreload_memcheck-amd64-linux.so)
==703443==    by 0x496D58E: strdup (strdup.c:42)
==703443==    by 0x4B0BD17: _nc_trim_sgr0 (in /usr/lib/x86_64-linux-gnu/libtinfo.so.6.3)
==703443==    by 0x4B0A6A8: tgetent_sp (in /usr/lib/x86_64-linux-gnu/libtinfo.so.6.3)
==703443==    by 0x48A61CD: _rl_init_terminal_io (in /usr/lib/x86_64-linux-gnu/libreadline.so.8.1)
==703443==    by 0x4892A0F: rl_initialize (in /usr/lib/x86_64-linux-gnu/libreadline.so.8.1)
==703443==    by 0x4892CD4: readline (in /usr/lib/x86_64-linux-gnu/libreadline.so.8.1)
==703443==    by 0x109578: main (main.c:63)
==703443== 
==703443== 10 bytes in 1 blocks are still reachable in loss record 6 of 76
==703443==    at 0x4848899: malloc (in /usr/libexec/valgrind/vgpreload_memcheck-amd64-linux.so)
==703443==    by 0x48AABAC: xmalloc (in /usr/lib/x86_64-linux-gnu/libreadline.so.8.1)
==703443==    by 0x48871E3: rl_set_prompt (in /usr/lib/x86_64-linux-gnu/libreadline.so.8.1)
==703443==    by 0x4892CCF: readline (in /usr/lib/x86_64-linux-gnu/libreadline.so.8.1)
==703443==    by 0x109578: main (main.c:63)
==703443== 
==703443== 10 bytes in 1 blocks are still reachable in loss record 7 of 76
==703443==    at 0x4848899: malloc (in /usr/libexec/valgrind/vgpreload_memcheck-amd64-linux.so)
==703443==    by 0x48AABAC: xmalloc (in /usr/lib/x86_64-linux-gnu/libreadline.so.8.1)
==703443==    by 0x4897C7F: ??? (in /usr/lib/x86_64-linux-gnu/libreadline.so.8.1)
==703443==    by 0x4897E0D: rl_expand_prompt (in /usr/lib/x86_64-linux-gnu/libreadline.so.8.1)
==703443==    by 0x48871BF: rl_set_prompt (in /usr/lib/x86_64-linux-gnu/libreadline.so.8.1)
==703443==    by 0x4892CCF: readline (in /usr/lib/x86_64-linux-gnu/libreadline.so.8.1)
==703443==    by 0x109578: main (main.c:63)
==703443== 
==703443== 11 bytes in 1 blocks are still reachable in loss record 8 of 76
==703443==    at 0x4848899: malloc (in /usr/libexec/valgrind/vgpreload_memcheck-amd64-linux.so)
==703443==    by 0x48AABAC: xmalloc (in /usr/lib/x86_64-linux-gnu/libreadline.so.8.1)
==703443==    by 0x4888694: readline_internal_teardown (in /usr/lib/x86_64-linux-gnu/libreadline.so.8.1)
==703443==    by 0x4892D2A: readline (in /usr/lib/x86_64-linux-gnu/libreadline.so.8.1)
==703443==    by 0x109578: main (main.c:63)
==703443== 
==703443== 11 bytes in 3 blocks are still reachable in loss record 9 of 76
==703443==    at 0x4848899: malloc (in /usr/libexec/valgrind/vgpreload_memcheck-amd64-linux.so)
==703443==    by 0x10F5B8: ft_wordup (in /home/armitite/Cursus/MinishellFaireCmdEspace/Minishell/minishell)
==703443==    by 0x10F747: ft_cpysplit (in /home/armitite/Cursus/MinishellFaireCmdEspace/Minishell/minishell)
==703443==    by 0x10F85F: ft_split (in /home/armitite/Cursus/MinishellFaireCmdEspace/Minishell/minishell)
==703443==    by 0x10958D: main (main.c:66)
==703443== 
==703443== 11 bytes in 1 blocks are definitely lost in loss record 10 of 76
==703443==    at 0x4848899: malloc (in /usr/libexec/valgrind/vgpreload_memcheck-amd64-linux.so)
==703443==    by 0x10EDE3: ft_strdup (in /home/armitite/Cursus/MinishellFaireCmdEspace/Minishell/minishell)
==703443==    by 0x10970A: append_node (pipe_noding.c:48)
==703443==    by 0x10998E: pipe_noding (pipe_noding.c:110)
==703443==    by 0x109624: main (main.c:83)
==703443== 
==703443== 13 bytes in 1 blocks are still reachable in loss record 11 of 76
==703443==    at 0x4848899: malloc (in /usr/libexec/valgrind/vgpreload_memcheck-amd64-linux.so)
==703443==    by 0x48AABAC: xmalloc (in /usr/lib/x86_64-linux-gnu/libreadline.so.8.1)
==703443==    by 0x4898BF5: ??? (in /usr/lib/x86_64-linux-gnu/libreadline.so.8.1)
==703443==    by 0x4892A38: rl_initialize (in /usr/lib/x86_64-linux-gnu/libreadline.so.8.1)
==703443==    by 0x4892CD4: readline (in /usr/lib/x86_64-linux-gnu/libreadline.so.8.1)
==703443==    by 0x109578: main (main.c:63)
==703443== 
==703443== 13 bytes in 1 blocks are definitely lost in loss record 12 of 76
==703443==    at 0x4848899: malloc (in /usr/libexec/valgrind/vgpreload_memcheck-amd64-linux.so)
==703443==    by 0x10EF8A: ft_strjoin (in /home/armitite/Cursus/MinishellFaireCmdEspace/Minishell/minishell)
==703443==    by 0x10AA3D: access_check (cmd_parsing.c:44)
==703443==    by 0x10AB03: get_paths (cmd_parsing.c:64)
==703443==    by 0x109FE0: add_path (pipe_parsing.c:148)
==703443==    by 0x10A12C: pipe_parsing (pipe_parsing.c:187)
==703443==    by 0x1099A1: pipe_noding (pipe_noding.c:111)
==703443==    by 0x109624: main (main.c:83)
==703443== 
==703443== 14 bytes in 1 blocks are still reachable in loss record 13 of 76
==703443==    at 0x484DCD3: realloc (in /usr/libexec/valgrind/vgpreload_memcheck-amd64-linux.so)
==703443==    by 0x4AFE6CC: _nc_doalloc (in /usr/lib/x86_64-linux-gnu/libtinfo.so.6.3)
==703443==    by 0x4B05272: _nc_tiparm (in /usr/lib/x86_64-linux-gnu/libtinfo.so.6.3)
==703443==    by 0x4B0BC7D: ??? (in /usr/lib/x86_64-linux-gnu/libtinfo.so.6.3)
==703443==    by 0x4B0BD09: _nc_trim_sgr0 (in /usr/lib/x86_64-linux-gnu/libtinfo.so.6.3)
==703443==    by 0x4B0A6A8: tgetent_sp (in /usr/lib/x86_64-linux-gnu/libtinfo.so.6.3)
==703443==    by 0x48A61CD: _rl_init_terminal_io (in /usr/lib/x86_64-linux-gnu/libreadline.so.8.1)
==703443==    by 0x4892A0F: rl_initialize (in /usr/lib/x86_64-linux-gnu/libreadline.so.8.1)
==703443==    by 0x4892CD4: readline (in /usr/lib/x86_64-linux-gnu/libreadline.so.8.1)
==703443==    by 0x109578: main (main.c:63)
==703443== 
==703443== 15 bytes in 1 blocks are still reachable in loss record 14 of 76
==703443==    at 0x4848899: malloc (in /usr/libexec/valgrind/vgpreload_memcheck-amd64-linux.so)
==703443==    by 0x496D58E: strdup (strdup.c:42)
==703443==    by 0x4AFD377: ??? (in /usr/lib/x86_64-linux-gnu/libtinfo.so.6.3)
==703443==    by 0x4AFFBF8: _nc_first_db (in /usr/lib/x86_64-linux-gnu/libtinfo.so.6.3)
==703443==    by 0x4B09696: _nc_read_entry2 (in /usr/lib/x86_64-linux-gnu/libtinfo.so.6.3)
==703443==    by 0x4B09711: ??? (in /usr/lib/x86_64-linux-gnu/libtinfo.so.6.3)
==703443==    by 0x4B09866: _nc_setupterm (in /usr/lib/x86_64-linux-gnu/libtinfo.so.6.3)
==703443==    by 0x4B0A4C9: tgetent_sp (in /usr/lib/x86_64-linux-gnu/libtinfo.so.6.3)
==703443==    by 0x48A61CD: _rl_init_terminal_io (in /usr/lib/x86_64-linux-gnu/libreadline.so.8.1)
==703443==    by 0x4892A0F: rl_initialize (in /usr/lib/x86_64-linux-gnu/libreadline.so.8.1)
==703443==    by 0x4892CD4: readline (in /usr/lib/x86_64-linux-gnu/libreadline.so.8.1)
==703443==    by 0x109578: main (main.c:63)
==703443== 
==703443== 15 bytes in 1 blocks are still reachable in loss record 15 of 76
==703443==    at 0x4848899: malloc (in /usr/libexec/valgrind/vgpreload_memcheck-amd64-linux.so)
==703443==    by 0x496D58E: strdup (strdup.c:42)
==703443==    by 0x4B098AE: _nc_setupterm (in /usr/lib/x86_64-linux-gnu/libtinfo.so.6.3)
==703443==    by 0x4B0A4C9: tgetent_sp (in /usr/lib/x86_64-linux-gnu/libtinfo.so.6.3)
==703443==    by 0x48A61CD: _rl_init_terminal_io (in /usr/lib/x86_64-linux-gnu/libreadline.so.8.1)
==703443==    by 0x4892A0F: rl_initialize (in /usr/lib/x86_64-linux-gnu/libreadline.so.8.1)
==703443==    by 0x4892CD4: readline (in /usr/lib/x86_64-linux-gnu/libreadline.so.8.1)
==703443==    by 0x109578: main (main.c:63)
==703443== 
==703443== 16 bytes in 1 blocks are still reachable in loss record 16 of 76
==703443==    at 0x4848899: malloc (in /usr/libexec/valgrind/vgpreload_memcheck-amd64-linux.so)
==703443==    by 0x4892B26: rl_initialize (in /usr/lib/x86_64-linux-gnu/libreadline.so.8.1)
==703443==    by 0x4892CD4: readline (in /usr/lib/x86_64-linux-gnu/libreadline.so.8.1)
==703443==    by 0x109578: main (main.c:63)
==703443== 
==703443== 20 bytes in 1 blocks are still reachable in loss record 17 of 76
==703443==    at 0x4848899: malloc (in /usr/libexec/valgrind/vgpreload_memcheck-amd64-linux.so)
==703443==    by 0x48AABAC: xmalloc (in /usr/lib/x86_64-linux-gnu/libreadline.so.8.1)
==703443==    by 0x4895D8B: ??? (in /usr/lib/x86_64-linux-gnu/libreadline.so.8.1)
==703443==    by 0x48986C9: rl_parse_and_bind (in /usr/lib/x86_64-linux-gnu/libreadline.so.8.1)
==703443==    by 0x4898B6C: ??? (in /usr/lib/x86_64-linux-gnu/libreadline.so.8.1)
==703443==    by 0x4892A38: rl_initialize (in /usr/lib/x86_64-linux-gnu/libreadline.so.8.1)
==703443==    by 0x4892CD4: readline (in /usr/lib/x86_64-linux-gnu/libreadline.so.8.1)
==703443==    by 0x109578: main (main.c:63)
==703443== 
==703443== 24 bytes in 1 blocks are still reachable in loss record 18 of 76
==703443==    at 0x4848899: malloc (in /usr/libexec/valgrind/vgpreload_memcheck-amd64-linux.so)
==703443==    by 0x49E4F34: tsearch (tsearch.c:337)
==703443==    by 0x4B01D6E: ??? (in /usr/lib/x86_64-linux-gnu/libtinfo.so.6.3)
==703443==    by 0x4B05098: _nc_tiparm (in /usr/lib/x86_64-linux-gnu/libtinfo.so.6.3)
==703443==    by 0x4B0BC7D: ??? (in /usr/lib/x86_64-linux-gnu/libtinfo.so.6.3)
==703443==    by 0x4B0BD09: _nc_trim_sgr0 (in /usr/lib/x86_64-linux-gnu/libtinfo.so.6.3)
==703443==    by 0x4B0A6A8: tgetent_sp (in /usr/lib/x86_64-linux-gnu/libtinfo.so.6.3)
==703443==    by 0x48A61CD: _rl_init_terminal_io (in /usr/lib/x86_64-linux-gnu/libreadline.so.8.1)
==703443==    by 0x4892A0F: rl_initialize (in /usr/lib/x86_64-linux-gnu/libreadline.so.8.1)
==703443==    by 0x4892CD4: readline (in /usr/lib/x86_64-linux-gnu/libreadline.so.8.1)
==703443==    by 0x109578: main (main.c:63)
==703443== 
==703443== 27 bytes in 1 blocks are still reachable in loss record 19 of 76
==703443==    at 0x4848899: malloc (in /usr/libexec/valgrind/vgpreload_memcheck-amd64-linux.so)
==703443==    by 0x4AFF624: _nc_home_terminfo (in /usr/lib/x86_64-linux-gnu/libtinfo.so.6.3)
==703443==    by 0x4AFFBE2: _nc_first_db (in /usr/lib/x86_64-linux-gnu/libtinfo.so.6.3)
==703443==    by 0x4B09696: _nc_read_entry2 (in /usr/lib/x86_64-linux-gnu/libtinfo.so.6.3)
==703443==    by 0x4B09711: ??? (in /usr/lib/x86_64-linux-gnu/libtinfo.so.6.3)
==703443==    by 0x4B09866: _nc_setupterm (in /usr/lib/x86_64-linux-gnu/libtinfo.so.6.3)
==703443==    by 0x4B0A4C9: tgetent_sp (in /usr/lib/x86_64-linux-gnu/libtinfo.so.6.3)
==703443==    by 0x48A61CD: _rl_init_terminal_io (in /usr/lib/x86_64-linux-gnu/libreadline.so.8.1)
==703443==    by 0x4892A0F: rl_initialize (in /usr/lib/x86_64-linux-gnu/libreadline.so.8.1)
==703443==    by 0x4892CD4: readline (in /usr/lib/x86_64-linux-gnu/libreadline.so.8.1)
==703443==    by 0x109578: main (main.c:63)
==703443== 
==703443== 32 bytes in 1 blocks are still reachable in loss record 20 of 76
==703443==    at 0x4848899: malloc (in /usr/libexec/valgrind/vgpreload_memcheck-amd64-linux.so)
==703443==    by 0x10D898: append_list (env.c:50)
==703443==    by 0x10DC27: make_envlist (env.c:138)
==703443==    by 0x109549: main (main.c:58)
==703443== 
==703443== 32 bytes in 1 blocks are still reachable in loss record 21 of 76
==703443==    at 0x4848899: malloc (in /usr/libexec/valgrind/vgpreload_memcheck-amd64-linux.so)
==703443==    by 0x10F8AB: ft_calloc (in /home/armitite/Cursus/MinishellFaireCmdEspace/Minishell/minishell)
==703443==    by 0x10F81B: ft_split (in /home/armitite/Cursus/MinishellFaireCmdEspace/Minishell/minishell)
==703443==    by 0x10958D: main (main.c:66)
==703443== 
==703443== 46 bytes in 1 blocks are still reachable in loss record 22 of 76
==703443==    at 0x484DCD3: realloc (in /usr/libexec/valgrind/vgpreload_memcheck-amd64-linux.so)
==703443==    by 0x4AFE6CC: _nc_doalloc (in /usr/lib/x86_64-linux-gnu/libtinfo.so.6.3)
==703443==    by 0x4B0916F: _nc_read_termtype (in /usr/lib/x86_64-linux-gnu/libtinfo.so.6.3)
==703443==    by 0x4B0952A: ??? (in /usr/lib/x86_64-linux-gnu/libtinfo.so.6.3)
==703443==    by 0x4B0BC40: ??? (in /usr/lib/x86_64-linux-gnu/libtinfo.so.6.3)
==703443==    by 0x4B096BB: _nc_read_entry2 (in /usr/lib/x86_64-linux-gnu/libtinfo.so.6.3)
==703443==    by 0x4B09711: ??? (in /usr/lib/x86_64-linux-gnu/libtinfo.so.6.3)
==703443==    by 0x4B09866: _nc_setupterm (in /usr/lib/x86_64-linux-gnu/libtinfo.so.6.3)
==703443==    by 0x4B0A4C9: tgetent_sp (in /usr/lib/x86_64-linux-gnu/libtinfo.so.6.3)
==703443==    by 0x48A61CD: _rl_init_terminal_io (in /usr/lib/x86_64-linux-gnu/libreadline.so.8.1)
==703443==    by 0x4892A0F: rl_initialize (in /usr/lib/x86_64-linux-gnu/libreadline.so.8.1)
==703443==    by 0x4892CD4: readline (in /usr/lib/x86_64-linux-gnu/libreadline.so.8.1)
==703443== 
==703443== 46 bytes in 1 blocks are still reachable in loss record 23 of 76
==703443==    at 0x4848899: malloc (in /usr/libexec/valgrind/vgpreload_memcheck-amd64-linux.so)
==703443==    by 0x4AFDFDE: ??? (in /usr/lib/x86_64-linux-gnu/libtinfo.so.6.3)
==703443==    by 0x4B0987D: _nc_setupterm (in /usr/lib/x86_64-linux-gnu/libtinfo.so.6.3)
==703443==    by 0x4B0A4C9: tgetent_sp (in /usr/lib/x86_64-linux-gnu/libtinfo.so.6.3)
==703443==    by 0x48A61CD: _rl_init_terminal_io (in /usr/lib/x86_64-linux-gnu/libreadline.so.8.1)
==703443==    by 0x4892A0F: rl_initialize (in /usr/lib/x86_64-linux-gnu/libreadline.so.8.1)
==703443==    by 0x4892CD4: readline (in /usr/lib/x86_64-linux-gnu/libreadline.so.8.1)
==703443==    by 0x109578: main (main.c:63)
==703443== 
==703443== 48 bytes in 1 blocks are still reachable in loss record 24 of 76
==703443==    at 0x484DA83: calloc (in /usr/libexec/valgrind/vgpreload_memcheck-amd64-linux.so)
==703443==    by 0x4AFF833: _nc_first_db (in /usr/lib/x86_64-linux-gnu/libtinfo.so.6.3)
==703443==    by 0x4B09696: _nc_read_entry2 (in /usr/lib/x86_64-linux-gnu/libtinfo.so.6.3)
==703443==    by 0x4B09711: ??? (in /usr/lib/x86_64-linux-gnu/libtinfo.so.6.3)
==703443==    by 0x4B09866: _nc_setupterm (in /usr/lib/x86_64-linux-gnu/libtinfo.so.6.3)
==703443==    by 0x4B0A4C9: tgetent_sp (in /usr/lib/x86_64-linux-gnu/libtinfo.so.6.3)
==703443==    by 0x48A61CD: _rl_init_terminal_io (in /usr/lib/x86_64-linux-gnu/libreadline.so.8.1)
==703443==    by 0x4892A0F: rl_initialize (in /usr/lib/x86_64-linux-gnu/libreadline.so.8.1)
==703443==    by 0x4892CD4: readline (in /usr/lib/x86_64-linux-gnu/libreadline.so.8.1)
==703443==    by 0x109578: main (main.c:63)
==703443== 
==703443== 78 bytes in 1 blocks are still reachable in loss record 25 of 76
==703443==    at 0x4848899: malloc (in /usr/libexec/valgrind/vgpreload_memcheck-amd64-linux.so)
==703443==    by 0x4AFE04B: ??? (in /usr/lib/x86_64-linux-gnu/libtinfo.so.6.3)
==703443==    by 0x4B0987D: _nc_setupterm (in /usr/lib/x86_64-linux-gnu/libtinfo.so.6.3)
==703443==    by 0x4B0A4C9: tgetent_sp (in /usr/lib/x86_64-linux-gnu/libtinfo.so.6.3)
==703443==    by 0x48A61CD: _rl_init_terminal_io (in /usr/lib/x86_64-linux-gnu/libreadline.so.8.1)
==703443==    by 0x4892A0F: rl_initialize (in /usr/lib/x86_64-linux-gnu/libreadline.so.8.1)
==703443==    by 0x4892CD4: readline (in /usr/lib/x86_64-linux-gnu/libreadline.so.8.1)
==703443==    by 0x109578: main (main.c:63)
==703443== 
==703443== 93 bytes in 1 blocks are still reachable in loss record 26 of 76
==703443==    at 0x4848899: malloc (in /usr/libexec/valgrind/vgpreload_memcheck-amd64-linux.so)
==703443==    by 0x496D58E: strdup (strdup.c:42)
==703443==    by 0x4B01D54: ??? (in /usr/lib/x86_64-linux-gnu/libtinfo.so.6.3)
==703443==    by 0x4B05098: _nc_tiparm (in /usr/lib/x86_64-linux-gnu/libtinfo.so.6.3)
==703443==    by 0x4B0BC7D: ??? (in /usr/lib/x86_64-linux-gnu/libtinfo.so.6.3)
==703443==    by 0x4B0BD09: _nc_trim_sgr0 (in /usr/lib/x86_64-linux-gnu/libtinfo.so.6.3)
==703443==    by 0x4B0A6A8: tgetent_sp (in /usr/lib/x86_64-linux-gnu/libtinfo.so.6.3)
==703443==    by 0x48A61CD: _rl_init_terminal_io (in /usr/lib/x86_64-linux-gnu/libreadline.so.8.1)
==703443==    by 0x4892A0F: rl_initialize (in /usr/lib/x86_64-linux-gnu/libreadline.so.8.1)
==703443==    by 0x4892CD4: readline (in /usr/lib/x86_64-linux-gnu/libreadline.so.8.1)
==703443==    by 0x109578: main (main.c:63)
==703443== 
==703443== 94 bytes in 1 blocks are still reachable in loss record 27 of 76
==703443==    at 0x4848899: malloc (in /usr/libexec/valgrind/vgpreload_memcheck-amd64-linux.so)
==703443==    by 0x4B0195B: _nc_tparm_analyze (in /usr/lib/x86_64-linux-gnu/libtinfo.so.6.3)
==703443==    by 0x4B01C62: ??? (in /usr/lib/x86_64-linux-gnu/libtinfo.so.6.3)
==703443==    by 0x4B05098: _nc_tiparm (in /usr/lib/x86_64-linux-gnu/libtinfo.so.6.3)
==703443==    by 0x4B0BC7D: ??? (in /usr/lib/x86_64-linux-gnu/libtinfo.so.6.3)
==703443==    by 0x4B0BD09: _nc_trim_sgr0 (in /usr/lib/x86_64-linux-gnu/libtinfo.so.6.3)
==703443==    by 0x4B0A6A8: tgetent_sp (in /usr/lib/x86_64-linux-gnu/libtinfo.so.6.3)
==703443==    by 0x48A61CD: _rl_init_terminal_io (in /usr/lib/x86_64-linux-gnu/libreadline.so.8.1)
==703443==    by 0x4892A0F: rl_initialize (in /usr/lib/x86_64-linux-gnu/libreadline.so.8.1)
==703443==    by 0x4892CD4: readline (in /usr/lib/x86_64-linux-gnu/libreadline.so.8.1)
==703443==    by 0x109578: main (main.c:63)
==703443== 
==703443== 96 bytes in 1 blocks are still reachable in loss record 28 of 76
==703443==    at 0x4848899: malloc (in /usr/libexec/valgrind/vgpreload_memcheck-amd64-linux.so)
==703443==    by 0x4AFF79A: _nc_first_db (in /usr/lib/x86_64-linux-gnu/libtinfo.so.6.3)
==703443==    by 0x4B09696: _nc_read_entry2 (in /usr/lib/x86_64-linux-gnu/libtinfo.so.6.3)
==703443==    by 0x4B09711: ??? (in /usr/lib/x86_64-linux-gnu/libtinfo.so.6.3)
==703443==    by 0x4B09866: _nc_setupterm (in /usr/lib/x86_64-linux-gnu/libtinfo.so.6.3)
==703443==    by 0x4B0A4C9: tgetent_sp (in /usr/lib/x86_64-linux-gnu/libtinfo.so.6.3)
==703443==    by 0x48A61CD: _rl_init_terminal_io (in /usr/lib/x86_64-linux-gnu/libreadline.so.8.1)
==703443==    by 0x4892A0F: rl_initialize (in /usr/lib/x86_64-linux-gnu/libreadline.so.8.1)
==703443==    by 0x4892CD4: readline (in /usr/lib/x86_64-linux-gnu/libreadline.so.8.1)
==703443==    by 0x109578: main (main.c:63)
==703443== 
==703443== 156 bytes in 1 blocks are still reachable in loss record 29 of 76
==703443==    at 0x484DCD3: realloc (in /usr/libexec/valgrind/vgpreload_memcheck-amd64-linux.so)
==703443==    by 0x4AFE6CC: _nc_doalloc (in /usr/lib/x86_64-linux-gnu/libtinfo.so.6.3)
==703443==    by 0x4B09197: _nc_read_termtype (in /usr/lib/x86_64-linux-gnu/libtinfo.so.6.3)
==703443==    by 0x4B0952A: ??? (in /usr/lib/x86_64-linux-gnu/libtinfo.so.6.3)
==703443==    by 0x4B0BC40: ??? (in /usr/lib/x86_64-linux-gnu/libtinfo.so.6.3)
==703443==    by 0x4B096BB: _nc_read_entry2 (in /usr/lib/x86_64-linux-gnu/libtinfo.so.6.3)
==703443==    by 0x4B09711: ??? (in /usr/lib/x86_64-linux-gnu/libtinfo.so.6.3)
==703443==    by 0x4B09866: _nc_setupterm (in /usr/lib/x86_64-linux-gnu/libtinfo.so.6.3)
==703443==    by 0x4B0A4C9: tgetent_sp (in /usr/lib/x86_64-linux-gnu/libtinfo.so.6.3)
==703443==    by 0x48A61CD: _rl_init_terminal_io (in /usr/lib/x86_64-linux-gnu/libreadline.so.8.1)
==703443==    by 0x4892A0F: rl_initialize (in /usr/lib/x86_64-linux-gnu/libreadline.so.8.1)
==703443==    by 0x4892CD4: readline (in /usr/lib/x86_64-linux-gnu/libreadline.so.8.1)
==703443== 
==703443== 168 bytes in 1 blocks are still reachable in loss record 30 of 76
==703443==    at 0x484DA83: calloc (in /usr/libexec/valgrind/vgpreload_memcheck-amd64-linux.so)
==703443==    by 0x4B01CCD: ??? (in /usr/lib/x86_64-linux-gnu/libtinfo.so.6.3)
==703443==    by 0x4B05098: _nc_tiparm (in /usr/lib/x86_64-linux-gnu/libtinfo.so.6.3)
==703443==    by 0x4B0BC7D: ??? (in /usr/lib/x86_64-linux-gnu/libtinfo.so.6.3)
==703443==    by 0x4B0BD09: _nc_trim_sgr0 (in /usr/lib/x86_64-linux-gnu/libtinfo.so.6.3)
==703443==    by 0x4B0A6A8: tgetent_sp (in /usr/lib/x86_64-linux-gnu/libtinfo.so.6.3)
==703443==    by 0x48A61CD: _rl_init_terminal_io (in /usr/lib/x86_64-linux-gnu/libreadline.so.8.1)
==703443==    by 0x4892A0F: rl_initialize (in /usr/lib/x86_64-linux-gnu/libreadline.so.8.1)
==703443==    by 0x4892CD4: readline (in /usr/lib/x86_64-linux-gnu/libreadline.so.8.1)
==703443==    by 0x109578: main (main.c:63)
==703443== 
==703443== 256 bytes in 1 blocks are still reachable in loss record 31 of 76
==703443==    at 0x4848899: malloc (in /usr/libexec/valgrind/vgpreload_memcheck-amd64-linux.so)
==703443==    by 0x48AABAC: xmalloc (in /usr/lib/x86_64-linux-gnu/libreadline.so.8.1)
==703443==    by 0x4892C86: rl_initialize (in /usr/lib/x86_64-linux-gnu/libreadline.so.8.1)
==703443==    by 0x4892CD4: readline (in /usr/lib/x86_64-linux-gnu/libreadline.so.8.1)
==703443==    by 0x109578: main (main.c:63)
==703443== 
==703443== 608 bytes in 1 blocks are still reachable in loss record 32 of 76
==703443==    at 0x484DA83: calloc (in /usr/libexec/valgrind/vgpreload_memcheck-amd64-linux.so)
==703443==    by 0x4B0937E: _nc_read_termtype (in /usr/lib/x86_64-linux-gnu/libtinfo.so.6.3)
==703443==    by 0x4B0952A: ??? (in /usr/lib/x86_64-linux-gnu/libtinfo.so.6.3)
==703443==    by 0x4B0BC40: ??? (in /usr/lib/x86_64-linux-gnu/libtinfo.so.6.3)
==703443==    by 0x4B096BB: _nc_read_entry2 (in /usr/lib/x86_64-linux-gnu/libtinfo.so.6.3)
==703443==    by 0x4B09711: ??? (in /usr/lib/x86_64-linux-gnu/libtinfo.so.6.3)
==703443==    by 0x4B09866: _nc_setupterm (in /usr/lib/x86_64-linux-gnu/libtinfo.so.6.3)
==703443==    by 0x4B0A4C9: tgetent_sp (in /usr/lib/x86_64-linux-gnu/libtinfo.so.6.3)
==703443==    by 0x48A61CD: _rl_init_terminal_io (in /usr/lib/x86_64-linux-gnu/libreadline.so.8.1)
==703443==    by 0x4892A0F: rl_initialize (in /usr/lib/x86_64-linux-gnu/libreadline.so.8.1)
==703443==    by 0x4892CD4: readline (in /usr/lib/x86_64-linux-gnu/libreadline.so.8.1)
==703443==    by 0x109578: main (main.c:63)
==703443== 
==703443== 608 bytes in 1 blocks are still reachable in loss record 33 of 76
==703443==    at 0x4848899: malloc (in /usr/libexec/valgrind/vgpreload_memcheck-amd64-linux.so)
==703443==    by 0x4AFE119: ??? (in /usr/lib/x86_64-linux-gnu/libtinfo.so.6.3)
==703443==    by 0x4B0987D: _nc_setupterm (in /usr/lib/x86_64-linux-gnu/libtinfo.so.6.3)
==703443==    by 0x4B0A4C9: tgetent_sp (in /usr/lib/x86_64-linux-gnu/libtinfo.so.6.3)
==703443==    by 0x48A61CD: _rl_init_terminal_io (in /usr/lib/x86_64-linux-gnu/libreadline.so.8.1)
==703443==    by 0x4892A0F: rl_initialize (in /usr/lib/x86_64-linux-gnu/libreadline.so.8.1)
==703443==    by 0x4892CD4: readline (in /usr/lib/x86_64-linux-gnu/libreadline.so.8.1)
==703443==    by 0x109578: main (main.c:63)
==703443== 
==703443== 624 bytes in 1 blocks are still reachable in loss record 34 of 76
==703443==    at 0x4848899: malloc (in /usr/libexec/valgrind/vgpreload_memcheck-amd64-linux.so)
==703443==    by 0x10D9C4: build_env (env.c:87)
==703443==    by 0x1095C6: main (main.c:75)
==703443== 
==703443== 760 bytes in 1 blocks are still reachable in loss record 35 of 76
==703443==    at 0x484DA83: calloc (in /usr/libexec/valgrind/vgpreload_memcheck-amd64-linux.so)
==703443==    by 0x4B09819: _nc_setupterm (in /usr/lib/x86_64-linux-gnu/libtinfo.so.6.3)
==703443==    by 0x4B0A4C9: tgetent_sp (in /usr/lib/x86_64-linux-gnu/libtinfo.so.6.3)
==703443==    by 0x48A61CD: _rl_init_terminal_io (in /usr/lib/x86_64-linux-gnu/libreadline.so.8.1)
==703443==    by 0x4892A0F: rl_initialize (in /usr/lib/x86_64-linux-gnu/libreadline.so.8.1)
==703443==    by 0x4892CD4: readline (in /usr/lib/x86_64-linux-gnu/libreadline.so.8.1)
==703443==    by 0x109578: main (main.c:63)
==703443== 
==703443== 940 bytes in 1 blocks are still reachable in loss record 36 of 76
==703443==    at 0x4848899: malloc (in /usr/libexec/valgrind/vgpreload_memcheck-amd64-linux.so)
==703443==    by 0x4B09287: _nc_read_termtype (in /usr/lib/x86_64-linux-gnu/libtinfo.so.6.3)
==703443==    by 0x4B0952A: ??? (in /usr/lib/x86_64-linux-gnu/libtinfo.so.6.3)
==703443==    by 0x4B0BC40: ??? (in /usr/lib/x86_64-linux-gnu/libtinfo.so.6.3)
==703443==    by 0x4B096BB: _nc_read_entry2 (in /usr/lib/x86_64-linux-gnu/libtinfo.so.6.3)
==703443==    by 0x4B09711: ??? (in /usr/lib/x86_64-linux-gnu/libtinfo.so.6.3)
==703443==    by 0x4B09866: _nc_setupterm (in /usr/lib/x86_64-linux-gnu/libtinfo.so.6.3)
==703443==    by 0x4B0A4C9: tgetent_sp (in /usr/lib/x86_64-linux-gnu/libtinfo.so.6.3)
==703443==    by 0x48A61CD: _rl_init_terminal_io (in /usr/lib/x86_64-linux-gnu/libreadline.so.8.1)
==703443==    by 0x4892A0F: rl_initialize (in /usr/lib/x86_64-linux-gnu/libreadline.so.8.1)
==703443==    by 0x4892CD4: readline (in /usr/lib/x86_64-linux-gnu/libreadline.so.8.1)
==703443==    by 0x109578: main (main.c:63)
==703443== 
==703443== 1,024 bytes in 1 blocks are still reachable in loss record 37 of 76
==703443==    at 0x4848899: malloc (in /usr/libexec/valgrind/vgpreload_memcheck-amd64-linux.so)
==703443==    by 0x48AB4A7: xrealloc (in /usr/lib/x86_64-linux-gnu/libreadline.so.8.1)
==703443==    by 0x4894C7B: ??? (in /usr/lib/x86_64-linux-gnu/libreadline.so.8.1)
==703443==    by 0x4894D67: ??? (in /usr/lib/x86_64-linux-gnu/libreadline.so.8.1)
==703443==    by 0x489DC7E: rl_redisplay (in /usr/lib/x86_64-linux-gnu/libreadline.so.8.1)
==703443==    by 0x4888458: readline_internal_setup (in /usr/lib/x86_64-linux-gnu/libreadline.so.8.1)
==703443==    by 0x4892CF8: readline (in /usr/lib/x86_64-linux-gnu/libreadline.so.8.1)
==703443==    by 0x109578: main (main.c:63)
==703443== 
==703443== 1,024 bytes in 1 blocks are still reachable in loss record 38 of 76
==703443==    at 0x4848899: malloc (in /usr/libexec/valgrind/vgpreload_memcheck-amd64-linux.so)
==703443==    by 0x48AB4A7: xrealloc (in /usr/lib/x86_64-linux-gnu/libreadline.so.8.1)
==703443==    by 0x4894C8B: ??? (in /usr/lib/x86_64-linux-gnu/libreadline.so.8.1)
==703443==    by 0x4894D67: ??? (in /usr/lib/x86_64-linux-gnu/libreadline.so.8.1)
==703443==    by 0x489DC7E: rl_redisplay (in /usr/lib/x86_64-linux-gnu/libreadline.so.8.1)
==703443==    by 0x4888458: readline_internal_setup (in /usr/lib/x86_64-linux-gnu/libreadline.so.8.1)
==703443==    by 0x4892CF8: readline (in /usr/lib/x86_64-linux-gnu/libreadline.so.8.1)
==703443==    by 0x109578: main (main.c:63)
==703443== 
==703443== 1,024 bytes in 1 blocks are still reachable in loss record 39 of 76
==703443==    at 0x4848899: malloc (in /usr/libexec/valgrind/vgpreload_memcheck-amd64-linux.so)
==703443==    by 0x48AB4A7: xrealloc (in /usr/lib/x86_64-linux-gnu/libreadline.so.8.1)
==703443==    by 0x4894CA2: ??? (in /usr/lib/x86_64-linux-gnu/libreadline.so.8.1)
==703443==    by 0x4894D67: ??? (in /usr/lib/x86_64-linux-gnu/libreadline.so.8.1)
==703443==    by 0x489DC7E: rl_redisplay (in /usr/lib/x86_64-linux-gnu/libreadline.so.8.1)
==703443==    by 0x4888458: readline_internal_setup (in /usr/lib/x86_64-linux-gnu/libreadline.so.8.1)
==703443==    by 0x4892CF8: readline (in /usr/lib/x86_64-linux-gnu/libreadline.so.8.1)
==703443==    by 0x109578: main (main.c:63)
==703443== 
==703443== 1,024 bytes in 1 blocks are still reachable in loss record 40 of 76
==703443==    at 0x4848899: malloc (in /usr/libexec/valgrind/vgpreload_memcheck-amd64-linux.so)
==703443==    by 0x48AB4A7: xrealloc (in /usr/lib/x86_64-linux-gnu/libreadline.so.8.1)
==703443==    by 0x4894CBB: ??? (in /usr/lib/x86_64-linux-gnu/libreadline.so.8.1)
==703443==    by 0x4894D67: ??? (in /usr/lib/x86_64-linux-gnu/libreadline.so.8.1)
==703443==    by 0x489DC7E: rl_redisplay (in /usr/lib/x86_64-linux-gnu/libreadline.so.8.1)
==703443==    by 0x4888458: readline_internal_setup (in /usr/lib/x86_64-linux-gnu/libreadline.so.8.1)
==703443==    by 0x4892CF8: readline (in /usr/lib/x86_64-linux-gnu/libreadline.so.8.1)
==703443==    by 0x109578: main (main.c:63)
==703443== 
==703443== 1,024 bytes in 1 blocks are still reachable in loss record 41 of 76
==703443==    at 0x4848899: malloc (in /usr/libexec/valgrind/vgpreload_memcheck-amd64-linux.so)
==703443==    by 0x48AABAC: xmalloc (in /usr/lib/x86_64-linux-gnu/libreadline.so.8.1)
==703443==    by 0x4894DC5: ??? (in /usr/lib/x86_64-linux-gnu/libreadline.so.8.1)
==703443==    by 0x489DC7E: rl_redisplay (in /usr/lib/x86_64-linux-gnu/libreadline.so.8.1)
==703443==    by 0x4888458: readline_internal_setup (in /usr/lib/x86_64-linux-gnu/libreadline.so.8.1)
==703443==    by 0x4892CF8: readline (in /usr/lib/x86_64-linux-gnu/libreadline.so.8.1)
==703443==    by 0x109578: main (main.c:63)
==703443== 
==703443== 1,024 bytes in 1 blocks are still reachable in loss record 42 of 76
==703443==    at 0x4848899: malloc (in /usr/libexec/valgrind/vgpreload_memcheck-amd64-linux.so)
==703443==    by 0x48AABAC: xmalloc (in /usr/lib/x86_64-linux-gnu/libreadline.so.8.1)
==703443==    by 0x4894DDA: ??? (in /usr/lib/x86_64-linux-gnu/libreadline.so.8.1)
==703443==    by 0x489DC7E: rl_redisplay (in /usr/lib/x86_64-linux-gnu/libreadline.so.8.1)
==703443==    by 0x4888458: readline_internal_setup (in /usr/lib/x86_64-linux-gnu/libreadline.so.8.1)
==703443==    by 0x4892CF8: readline (in /usr/lib/x86_64-linux-gnu/libreadline.so.8.1)
==703443==    by 0x109578: main (main.c:63)
==703443== 
==703443== 1,024 bytes in 1 blocks are still reachable in loss record 43 of 76
==703443==    at 0x4848899: malloc (in /usr/libexec/valgrind/vgpreload_memcheck-amd64-linux.so)
==703443==    by 0x48AABAC: xmalloc (in /usr/lib/x86_64-linux-gnu/libreadline.so.8.1)
==703443==    by 0x4894DE8: ??? (in /usr/lib/x86_64-linux-gnu/libreadline.so.8.1)
==703443==    by 0x489DC7E: rl_redisplay (in /usr/lib/x86_64-linux-gnu/libreadline.so.8.1)
==703443==    by 0x4888458: readline_internal_setup (in /usr/lib/x86_64-linux-gnu/libreadline.so.8.1)
==703443==    by 0x4892CF8: readline (in /usr/lib/x86_64-linux-gnu/libreadline.so.8.1)
==703443==    by 0x109578: main (main.c:63)
==703443== 
==703443== 1,024 bytes in 1 blocks are still reachable in loss record 44 of 76
==703443==    at 0x4848899: malloc (in /usr/libexec/valgrind/vgpreload_memcheck-amd64-linux.so)
==703443==    by 0x48AABAC: xmalloc (in /usr/lib/x86_64-linux-gnu/libreadline.so.8.1)
==703443==    by 0x4894DF6: ??? (in /usr/lib/x86_64-linux-gnu/libreadline.so.8.1)
==703443==    by 0x489DC7E: rl_redisplay (in /usr/lib/x86_64-linux-gnu/libreadline.so.8.1)
==703443==    by 0x4888458: readline_internal_setup (in /usr/lib/x86_64-linux-gnu/libreadline.so.8.1)
==703443==    by 0x4892CF8: readline (in /usr/lib/x86_64-linux-gnu/libreadline.so.8.1)
==703443==    by 0x109578: main (main.c:63)
==703443== 
==703443== 1,081 bytes in 76 blocks are still reachable in loss record 45 of 76
==703443==    at 0x4848899: malloc (in /usr/libexec/valgrind/vgpreload_memcheck-amd64-linux.so)
==703443==    by 0x10F8AB: ft_calloc (in /home/armitite/Cursus/MinishellFaireCmdEspace/Minishell/minishell)
==703443==    by 0x10EED7: ft_substr (in /home/armitite/Cursus/MinishellFaireCmdEspace/Minishell/minishell)
==703443==    by 0x10D905: append_list (env.c:59)
==703443==    by 0x10DBAF: make_envlist (env.c:134)
==703443==    by 0x109549: main (main.c:58)
==703443== 
==703443== 1,536 bytes in 1 blocks are still reachable in loss record 46 of 76
==703443==    at 0x484DCD3: realloc (in /usr/libexec/valgrind/vgpreload_memcheck-amd64-linux.so)
==703443==    by 0x48AB491: xrealloc (in /usr/lib/x86_64-linux-gnu/libreadline.so.8.1)
==703443==    by 0x4888877: rl_add_funmap_entry (in /usr/lib/x86_64-linux-gnu/libreadline.so.8.1)
==703443==    by 0x48888C8: rl_initialize_funmap (in /usr/lib/x86_64-linux-gnu/libreadline.so.8.1)
==703443==    by 0x4892A2C: rl_initialize (in /usr/lib/x86_64-linux-gnu/libreadline.so.8.1)
==703443==    by 0x4892CD4: readline (in /usr/lib/x86_64-linux-gnu/libreadline.so.8.1)
==703443==    by 0x109578: main (main.c:63)
==703443== 
==703443== 1,664 bytes in 1 blocks are still reachable in loss record 47 of 76
==703443==    at 0x4848899: malloc (in /usr/libexec/valgrind/vgpreload_memcheck-amd64-linux.so)
==703443==    by 0x4B08ACD: _nc_read_termtype (in /usr/lib/x86_64-linux-gnu/libtinfo.so.6.3)
==703443==    by 0x4B0952A: ??? (in /usr/lib/x86_64-linux-gnu/libtinfo.so.6.3)
==703443==    by 0x4B0BC40: ??? (in /usr/lib/x86_64-linux-gnu/libtinfo.so.6.3)
==703443==    by 0x4B096BB: _nc_read_entry2 (in /usr/lib/x86_64-linux-gnu/libtinfo.so.6.3)
==703443==    by 0x4B09711: ??? (in /usr/lib/x86_64-linux-gnu/libtinfo.so.6.3)
==703443==    by 0x4B09866: _nc_setupterm (in /usr/lib/x86_64-linux-gnu/libtinfo.so.6.3)
==703443==    by 0x4B0A4C9: tgetent_sp (in /usr/lib/x86_64-linux-gnu/libtinfo.so.6.3)
==703443==    by 0x48A61CD: _rl_init_terminal_io (in /usr/lib/x86_64-linux-gnu/libreadline.so.8.1)
==703443==    by 0x4892A0F: rl_initialize (in /usr/lib/x86_64-linux-gnu/libreadline.so.8.1)
==703443==    by 0x4892CD4: readline (in /usr/lib/x86_64-linux-gnu/libreadline.so.8.1)
==703443==    by 0x109578: main (main.c:63)
==703443== 
==703443== 2,032 bytes in 1 blocks are still reachable in loss record 48 of 76
==703443==    at 0x4848899: malloc (in /usr/libexec/valgrind/vgpreload_memcheck-amd64-linux.so)
==703443==    by 0x48AABAC: xmalloc (in /usr/lib/x86_64-linux-gnu/libreadline.so.8.1)
==703443==    by 0x48A6419: _rl_init_terminal_io (in /usr/lib/x86_64-linux-gnu/libreadline.so.8.1)
==703443==    by 0x4892A0F: rl_initialize (in /usr/lib/x86_64-linux-gnu/libreadline.so.8.1)
==703443==    by 0x4892CD4: readline (in /usr/lib/x86_64-linux-gnu/libreadline.so.8.1)
==703443==    by 0x109578: main (main.c:63)
==703443== 
==703443== 2,240 bytes in 140 blocks are still reachable in loss record 49 of 76
==703443==    at 0x4848899: malloc (in /usr/libexec/valgrind/vgpreload_memcheck-amd64-linux.so)
==703443==    by 0x48AABAC: xmalloc (in /usr/lib/x86_64-linux-gnu/libreadline.so.8.1)
==703443==    by 0x4888822: rl_add_funmap_entry (in /usr/lib/x86_64-linux-gnu/libreadline.so.8.1)
==703443==    by 0x48888C8: rl_initialize_funmap (in /usr/lib/x86_64-linux-gnu/libreadline.so.8.1)
==703443==    by 0x4892A2C: rl_initialize (in /usr/lib/x86_64-linux-gnu/libreadline.so.8.1)
==703443==    by 0x4892CD4: readline (in /usr/lib/x86_64-linux-gnu/libreadline.so.8.1)
==703443==    by 0x109578: main (main.c:63)
==703443== 
==703443== 2,432 bytes in 76 blocks are still reachable in loss record 50 of 76
==703443==    at 0x4848899: malloc (in /usr/libexec/valgrind/vgpreload_memcheck-amd64-linux.so)
==703443==    by 0x10D898: append_list (env.c:50)
==703443==    by 0x10DBAF: make_envlist (env.c:134)
==703443==    by 0x109549: main (main.c:58)
==703443== 
==703443== 3,160 bytes in 75 blocks are still reachable in loss record 51 of 76
==703443==    at 0x4848899: malloc (in /usr/libexec/valgrind/vgpreload_memcheck-amd64-linux.so)
==703443==    by 0x10F8AB: ft_calloc (in /home/armitite/Cursus/MinishellFaireCmdEspace/Minishell/minishell)
==703443==    by 0x10EED7: ft_substr (in /home/armitite/Cursus/MinishellFaireCmdEspace/Minishell/minishell)
==703443==    by 0x10D928: append_list (env.c:60)
==703443==    by 0x10DBAF: make_envlist (env.c:134)
==703443==    by 0x109549: main (main.c:58)
==703443== 
==703443== 3,904 bytes in 1 blocks are still reachable in loss record 52 of 76
==703443==    at 0x484DCD3: realloc (in /usr/libexec/valgrind/vgpreload_memcheck-amd64-linux.so)
==703443==    by 0x4AFE6CC: _nc_doalloc (in /usr/lib/x86_64-linux-gnu/libtinfo.so.6.3)
==703443==    by 0x4B091B5: _nc_read_termtype (in /usr/lib/x86_64-linux-gnu/libtinfo.so.6.3)
==703443==    by 0x4B0952A: ??? (in /usr/lib/x86_64-linux-gnu/libtinfo.so.6.3)
==703443==    by 0x4B0BC40: ??? (in /usr/lib/x86_64-linux-gnu/libtinfo.so.6.3)
==703443==    by 0x4B096BB: _nc_read_entry2 (in /usr/lib/x86_64-linux-gnu/libtinfo.so.6.3)
==703443==    by 0x4B09711: ??? (in /usr/lib/x86_64-linux-gnu/libtinfo.so.6.3)
==703443==    by 0x4B09866: _nc_setupterm (in /usr/lib/x86_64-linux-gnu/libtinfo.so.6.3)
==703443==    by 0x4B0A4C9: tgetent_sp (in /usr/lib/x86_64-linux-gnu/libtinfo.so.6.3)
==703443==    by 0x48A61CD: _rl_init_terminal_io (in /usr/lib/x86_64-linux-gnu/libreadline.so.8.1)
==703443==    by 0x4892A0F: rl_initialize (in /usr/lib/x86_64-linux-gnu/libreadline.so.8.1)
==703443==    by 0x4892CD4: readline (in /usr/lib/x86_64-linux-gnu/libreadline.so.8.1)
==703443== 
==703443== 3,904 bytes in 1 blocks are still reachable in loss record 53 of 76
==703443==    at 0x4848899: malloc (in /usr/libexec/valgrind/vgpreload_memcheck-amd64-linux.so)
==703443==    by 0x4AFDFFF: ??? (in /usr/lib/x86_64-linux-gnu/libtinfo.so.6.3)
==703443==    by 0x4B0987D: _nc_setupterm (in /usr/lib/x86_64-linux-gnu/libtinfo.so.6.3)
==703443==    by 0x4B0A4C9: tgetent_sp (in /usr/lib/x86_64-linux-gnu/libtinfo.so.6.3)
==703443==    by 0x48A61CD: _rl_init_terminal_io (in /usr/lib/x86_64-linux-gnu/libreadline.so.8.1)
==703443==    by 0x4892A0F: rl_initialize (in /usr/lib/x86_64-linux-gnu/libreadline.so.8.1)
==703443==    by 0x4892CD4: readline (in /usr/lib/x86_64-linux-gnu/libreadline.so.8.1)
==703443==    by 0x109578: main (main.c:63)
==703443== 
==703443== 4,080 bytes in 1 blocks are still reachable in loss record 54 of 76
==703443==    at 0x4848899: malloc (in /usr/libexec/valgrind/vgpreload_memcheck-amd64-linux.so)
==703443==    by 0x48AABAC: xmalloc (in /usr/lib/x86_64-linux-gnu/libreadline.so.8.1)
==703443==    by 0x48A63F9: _rl_init_terminal_io (in /usr/lib/x86_64-linux-gnu/libreadline.so.8.1)
==703443==    by 0x4892A0F: rl_initialize (in /usr/lib/x86_64-linux-gnu/libreadline.so.8.1)
==703443==    by 0x4892CD4: readline (in /usr/lib/x86_64-linux-gnu/libreadline.so.8.1)
==703443==    by 0x109578: main (main.c:63)
==703443== 
==703443== 4,112 bytes in 1 blocks are still reachable in loss record 55 of 76
==703443==    at 0x4848899: malloc (in /usr/libexec/valgrind/vgpreload_memcheck-amd64-linux.so)
==703443==    by 0x48AABAC: xmalloc (in /usr/lib/x86_64-linux-gnu/libreadline.so.8.1)
==703443==    by 0x4887251: rl_make_bare_keymap (in /usr/lib/x86_64-linux-gnu/libreadline.so.8.1)
==703443==    by 0x4887B6A: rl_generic_bind (in /usr/lib/x86_64-linux-gnu/libreadline.so.8.1)
==703443==    by 0x489275D: rl_bind_keyseq_if_unbound_in_map (in /usr/lib/x86_64-linux-gnu/libreadline.so.8.1)
==703443==    by 0x48A5DD5: ??? (in /usr/lib/x86_64-linux-gnu/libreadline.so.8.1)
==703443==    by 0x48A631F: _rl_init_terminal_io (in /usr/lib/x86_64-linux-gnu/libreadline.so.8.1)
==703443==    by 0x4892A0F: rl_initialize (in /usr/lib/x86_64-linux-gnu/libreadline.so.8.1)
==703443==    by 0x4892CD4: readline (in /usr/lib/x86_64-linux-gnu/libreadline.so.8.1)
==703443==    by 0x109578: main (main.c:63)
==703443== 
==703443== 4,112 bytes in 1 blocks are still reachable in loss record 56 of 76
==703443==    at 0x4848899: malloc (in /usr/libexec/valgrind/vgpreload_memcheck-amd64-linux.so)
==703443==    by 0x48AABAC: xmalloc (in /usr/lib/x86_64-linux-gnu/libreadline.so.8.1)
==703443==    by 0x4887251: rl_make_bare_keymap (in /usr/lib/x86_64-linux-gnu/libreadline.so.8.1)
==703443==    by 0x4887B6A: rl_generic_bind (in /usr/lib/x86_64-linux-gnu/libreadline.so.8.1)
==703443==    by 0x489275D: rl_bind_keyseq_if_unbound_in_map (in /usr/lib/x86_64-linux-gnu/libreadline.so.8.1)
==703443==    by 0x48A5E5A: ??? (in /usr/lib/x86_64-linux-gnu/libreadline.so.8.1)
==703443==    by 0x48A631F: _rl_init_terminal_io (in /usr/lib/x86_64-linux-gnu/libreadline.so.8.1)
==703443==    by 0x4892A0F: rl_initialize (in /usr/lib/x86_64-linux-gnu/libreadline.so.8.1)
==703443==    by 0x4892CD4: readline (in /usr/lib/x86_64-linux-gnu/libreadline.so.8.1)
==703443==    by 0x109578: main (main.c:63)
==703443== 
==703443== 4,112 bytes in 1 blocks are still reachable in loss record 57 of 76
==703443==    at 0x4848899: malloc (in /usr/libexec/valgrind/vgpreload_memcheck-amd64-linux.so)
==703443==    by 0x48AABAC: xmalloc (in /usr/lib/x86_64-linux-gnu/libreadline.so.8.1)
==703443==    by 0x4887251: rl_make_bare_keymap (in /usr/lib/x86_64-linux-gnu/libreadline.so.8.1)
==703443==    by 0x4887B6A: rl_generic_bind (in /usr/lib/x86_64-linux-gnu/libreadline.so.8.1)
==703443==    by 0x489275D: rl_bind_keyseq_if_unbound_in_map (in /usr/lib/x86_64-linux-gnu/libreadline.so.8.1)
==703443==    by 0x48A5E5A: ??? (in /usr/lib/x86_64-linux-gnu/libreadline.so.8.1)
==703443==    by 0x48A632B: _rl_init_terminal_io (in /usr/lib/x86_64-linux-gnu/libreadline.so.8.1)
==703443==    by 0x4892A0F: rl_initialize (in /usr/lib/x86_64-linux-gnu/libreadline.so.8.1)
==703443==    by 0x4892CD4: readline (in /usr/lib/x86_64-linux-gnu/libreadline.so.8.1)
==703443==    by 0x109578: main (main.c:63)
==703443== 
==703443== 4,112 bytes in 1 blocks are still reachable in loss record 58 of 76
==703443==    at 0x4848899: malloc (in /usr/libexec/valgrind/vgpreload_memcheck-amd64-linux.so)
==703443==    by 0x48AABAC: xmalloc (in /usr/lib/x86_64-linux-gnu/libreadline.so.8.1)
==703443==    by 0x4887251: rl_make_bare_keymap (in /usr/lib/x86_64-linux-gnu/libreadline.so.8.1)
==703443==    by 0x4887B6A: rl_generic_bind (in /usr/lib/x86_64-linux-gnu/libreadline.so.8.1)
==703443==    by 0x489275D: rl_bind_keyseq_if_unbound_in_map (in /usr/lib/x86_64-linux-gnu/libreadline.so.8.1)
==703443==    by 0x48A5E5A: ??? (in /usr/lib/x86_64-linux-gnu/libreadline.so.8.1)
==703443==    by 0x48A6337: _rl_init_terminal_io (in /usr/lib/x86_64-linux-gnu/libreadline.so.8.1)
==703443==    by 0x4892A0F: rl_initialize (in /usr/lib/x86_64-linux-gnu/libreadline.so.8.1)
==703443==    by 0x4892CD4: readline (in /usr/lib/x86_64-linux-gnu/libreadline.so.8.1)
==703443==    by 0x109578: main (main.c:63)
==703443== 
==703443== 4,112 bytes in 1 blocks are still reachable in loss record 59 of 76
==703443==    at 0x4848899: malloc (in /usr/libexec/valgrind/vgpreload_memcheck-amd64-linux.so)
==703443==    by 0x48AABAC: xmalloc (in /usr/lib/x86_64-linux-gnu/libreadline.so.8.1)
==703443==    by 0x4887251: rl_make_bare_keymap (in /usr/lib/x86_64-linux-gnu/libreadline.so.8.1)
==703443==    by 0x4887B6A: rl_generic_bind (in /usr/lib/x86_64-linux-gnu/libreadline.so.8.1)
==703443==    by 0x489275D: rl_bind_keyseq_if_unbound_in_map (in /usr/lib/x86_64-linux-gnu/libreadline.so.8.1)
==703443==    by 0x489294C: ??? (in /usr/lib/x86_64-linux-gnu/libreadline.so.8.1)
==703443==    by 0x4892A84: rl_initialize (in /usr/lib/x86_64-linux-gnu/libreadline.so.8.1)
==703443==    by 0x4892CD4: readline (in /usr/lib/x86_64-linux-gnu/libreadline.so.8.1)
==703443==    by 0x109578: main (main.c:63)
==703443== 
==703443== 4,112 bytes in 1 blocks are still reachable in loss record 60 of 76
==703443==    at 0x4848899: malloc (in /usr/libexec/valgrind/vgpreload_memcheck-amd64-linux.so)
==703443==    by 0x48AABAC: xmalloc (in /usr/lib/x86_64-linux-gnu/libreadline.so.8.1)
==703443==    by 0x4887251: rl_make_bare_keymap (in /usr/lib/x86_64-linux-gnu/libreadline.so.8.1)
==703443==    by 0x4887B6A: rl_generic_bind (in /usr/lib/x86_64-linux-gnu/libreadline.so.8.1)
==703443==    by 0x489275D: rl_bind_keyseq_if_unbound_in_map (in /usr/lib/x86_64-linux-gnu/libreadline.so.8.1)
==703443==    by 0x489294C: ??? (in /usr/lib/x86_64-linux-gnu/libreadline.so.8.1)
==703443==    by 0x4892A93: rl_initialize (in /usr/lib/x86_64-linux-gnu/libreadline.so.8.1)
==703443==    by 0x4892CD4: readline (in /usr/lib/x86_64-linux-gnu/libreadline.so.8.1)
==703443==    by 0x109578: main (main.c:63)
==703443== 
==703443== 4,112 bytes in 1 blocks are still reachable in loss record 61 of 76
==703443==    at 0x4848899: malloc (in /usr/libexec/valgrind/vgpreload_memcheck-amd64-linux.so)
==703443==    by 0x48AABAC: xmalloc (in /usr/lib/x86_64-linux-gnu/libreadline.so.8.1)
==703443==    by 0x4887251: rl_make_bare_keymap (in /usr/lib/x86_64-linux-gnu/libreadline.so.8.1)
==703443==    by 0x4887B6A: rl_generic_bind (in /usr/lib/x86_64-linux-gnu/libreadline.so.8.1)
==703443==    by 0x489275D: rl_bind_keyseq_if_unbound_in_map (in /usr/lib/x86_64-linux-gnu/libreadline.so.8.1)
==703443==    by 0x489294C: ??? (in /usr/lib/x86_64-linux-gnu/libreadline.so.8.1)
==703443==    by 0x4892AB8: rl_initialize (in /usr/lib/x86_64-linux-gnu/libreadline.so.8.1)
==703443==    by 0x4892CD4: readline (in /usr/lib/x86_64-linux-gnu/libreadline.so.8.1)
==703443==    by 0x109578: main (main.c:63)
==703443== 
==703443== 4,251 bytes in 77 blocks are still reachable in loss record 62 of 76
==703443==    at 0x4848899: malloc (in /usr/libexec/valgrind/vgpreload_memcheck-amd64-linux.so)
==703443==    by 0x10EF8A: ft_strjoin (in /home/armitite/Cursus/MinishellFaireCmdEspace/Minishell/minishell)
==703443==    by 0x10DA4B: build_env (env.c:97)
==703443==    by 0x1095C6: main (main.c:75)
==703443== 
==703443== 7,952 bytes in 1 blocks are still reachable in loss record 63 of 76
==703443==    at 0x484DA83: calloc (in /usr/libexec/valgrind/vgpreload_memcheck-amd64-linux.so)
==703443==    by 0x4AFCC97: ??? (in /usr/lib/x86_64-linux-gnu/libtinfo.so.6.3)
==703443==    by 0x4AFE3AF: _nc_find_type_entry (in /usr/lib/x86_64-linux-gnu/libtinfo.so.6.3)
==703443==    by 0x4B00E4C: tgetstr_sp (in /usr/lib/x86_64-linux-gnu/libtinfo.so.6.3)
==703443==    by 0x48A621A: _rl_init_terminal_io (in /usr/lib/x86_64-linux-gnu/libreadline.so.8.1)
==703443==    by 0x4892A0F: rl_initialize (in /usr/lib/x86_64-linux-gnu/libreadline.so.8.1)
==703443==    by 0x4892CD4: readline (in /usr/lib/x86_64-linux-gnu/libreadline.so.8.1)
==703443==    by 0x109578: main (main.c:63)
==703443== 
==703443== 8,224 bytes in 2 blocks are still reachable in loss record 64 of 76
==703443==    at 0x4848899: malloc (in /usr/libexec/valgrind/vgpreload_memcheck-amd64-linux.so)
==703443==    by 0x48AABAC: xmalloc (in /usr/lib/x86_64-linux-gnu/libreadline.so.8.1)
==703443==    by 0x4887251: rl_make_bare_keymap (in /usr/lib/x86_64-linux-gnu/libreadline.so.8.1)
==703443==    by 0x4887B6A: rl_generic_bind (in /usr/lib/x86_64-linux-gnu/libreadline.so.8.1)
==703443==    by 0x489275D: rl_bind_keyseq_if_unbound_in_map (in /usr/lib/x86_64-linux-gnu/libreadline.so.8.1)
==703443==    by 0x48A5E47: ??? (in /usr/lib/x86_64-linux-gnu/libreadline.so.8.1)
==703443==    by 0x48A631F: _rl_init_terminal_io (in /usr/lib/x86_64-linux-gnu/libreadline.so.8.1)
==703443==    by 0x4892A0F: rl_initialize (in /usr/lib/x86_64-linux-gnu/libreadline.so.8.1)
==703443==    by 0x4892CD4: readline (in /usr/lib/x86_64-linux-gnu/libreadline.so.8.1)
==703443==    by 0x109578: main (main.c:63)
==703443== 
==703443== 8,224 bytes in 2 blocks are still reachable in loss record 65 of 76
==703443==    at 0x4848899: malloc (in /usr/libexec/valgrind/vgpreload_memcheck-amd64-linux.so)
==703443==    by 0x48AABAC: xmalloc (in /usr/lib/x86_64-linux-gnu/libreadline.so.8.1)
==703443==    by 0x4887251: rl_make_bare_keymap (in /usr/lib/x86_64-linux-gnu/libreadline.so.8.1)
==703443==    by 0x4887B6A: rl_generic_bind (in /usr/lib/x86_64-linux-gnu/libreadline.so.8.1)
==703443==    by 0x489275D: rl_bind_keyseq_if_unbound_in_map (in /usr/lib/x86_64-linux-gnu/libreadline.so.8.1)
==703443==    by 0x48A5DD5: ??? (in /usr/lib/x86_64-linux-gnu/libreadline.so.8.1)
==703443==    by 0x48A632B: _rl_init_terminal_io (in /usr/lib/x86_64-linux-gnu/libreadline.so.8.1)
==703443==    by 0x4892A0F: rl_initialize (in /usr/lib/x86_64-linux-gnu/libreadline.so.8.1)
==703443==    by 0x4892CD4: readline (in /usr/lib/x86_64-linux-gnu/libreadline.so.8.1)
==703443==    by 0x109578: main (main.c:63)
==703443== 
==703443== 8,224 bytes in 2 blocks are still reachable in loss record 66 of 76
==703443==    at 0x4848899: malloc (in /usr/libexec/valgrind/vgpreload_memcheck-amd64-linux.so)
==703443==    by 0x48AABAC: xmalloc (in /usr/lib/x86_64-linux-gnu/libreadline.so.8.1)
==703443==    by 0x4887251: rl_make_bare_keymap (in /usr/lib/x86_64-linux-gnu/libreadline.so.8.1)
==703443==    by 0x4887B6A: rl_generic_bind (in /usr/lib/x86_64-linux-gnu/libreadline.so.8.1)
==703443==    by 0x489275D: rl_bind_keyseq_if_unbound_in_map (in /usr/lib/x86_64-linux-gnu/libreadline.so.8.1)
==703443==    by 0x48A5E47: ??? (in /usr/lib/x86_64-linux-gnu/libreadline.so.8.1)
==703443==    by 0x48A632B: _rl_init_terminal_io (in /usr/lib/x86_64-linux-gnu/libreadline.so.8.1)
==703443==    by 0x4892A0F: rl_initialize (in /usr/lib/x86_64-linux-gnu/libreadline.so.8.1)
==703443==    by 0x4892CD4: readline (in /usr/lib/x86_64-linux-gnu/libreadline.so.8.1)
==703443==    by 0x109578: main (main.c:63)
==703443== 
==703443== 8,224 bytes in 2 blocks are still reachable in loss record 67 of 76
==703443==    at 0x4848899: malloc (in /usr/libexec/valgrind/vgpreload_memcheck-amd64-linux.so)
==703443==    by 0x48AABAC: xmalloc (in /usr/lib/x86_64-linux-gnu/libreadline.so.8.1)
==703443==    by 0x4887251: rl_make_bare_keymap (in /usr/lib/x86_64-linux-gnu/libreadline.so.8.1)
==703443==    by 0x4887B6A: rl_generic_bind (in /usr/lib/x86_64-linux-gnu/libreadline.so.8.1)
==703443==    by 0x489275D: rl_bind_keyseq_if_unbound_in_map (in /usr/lib/x86_64-linux-gnu/libreadline.so.8.1)
==703443==    by 0x48A5DD5: ??? (in /usr/lib/x86_64-linux-gnu/libreadline.so.8.1)
==703443==    by 0x48A6337: _rl_init_terminal_io (in /usr/lib/x86_64-linux-gnu/libreadline.so.8.1)
==703443==    by 0x4892A0F: rl_initialize (in /usr/lib/x86_64-linux-gnu/libreadline.so.8.1)
==703443==    by 0x4892CD4: readline (in /usr/lib/x86_64-linux-gnu/libreadline.so.8.1)
==703443==    by 0x109578: main (main.c:63)
==703443== 
==703443== 8,224 bytes in 2 blocks are still reachable in loss record 68 of 76
==703443==    at 0x4848899: malloc (in /usr/libexec/valgrind/vgpreload_memcheck-amd64-linux.so)
==703443==    by 0x48AABAC: xmalloc (in /usr/lib/x86_64-linux-gnu/libreadline.so.8.1)
==703443==    by 0x4887251: rl_make_bare_keymap (in /usr/lib/x86_64-linux-gnu/libreadline.so.8.1)
==703443==    by 0x4887B6A: rl_generic_bind (in /usr/lib/x86_64-linux-gnu/libreadline.so.8.1)
==703443==    by 0x489275D: rl_bind_keyseq_if_unbound_in_map (in /usr/lib/x86_64-linux-gnu/libreadline.so.8.1)
==703443==    by 0x48A5E47: ??? (in /usr/lib/x86_64-linux-gnu/libreadline.so.8.1)
==703443==    by 0x48A6337: _rl_init_terminal_io (in /usr/lib/x86_64-linux-gnu/libreadline.so.8.1)
==703443==    by 0x4892A0F: rl_initialize (in /usr/lib/x86_64-linux-gnu/libreadline.so.8.1)
==703443==    by 0x4892CD4: readline (in /usr/lib/x86_64-linux-gnu/libreadline.so.8.1)
==703443==    by 0x109578: main (main.c:63)
==703443== 
==703443== 8,224 bytes in 2 blocks are still reachable in loss record 69 of 76
==703443==    at 0x4848899: malloc (in /usr/libexec/valgrind/vgpreload_memcheck-amd64-linux.so)
==703443==    by 0x48AABAC: xmalloc (in /usr/lib/x86_64-linux-gnu/libreadline.so.8.1)
==703443==    by 0x4887251: rl_make_bare_keymap (in /usr/lib/x86_64-linux-gnu/libreadline.so.8.1)
==703443==    by 0x4887B6A: rl_generic_bind (in /usr/lib/x86_64-linux-gnu/libreadline.so.8.1)
==703443==    by 0x489275D: rl_bind_keyseq_if_unbound_in_map (in /usr/lib/x86_64-linux-gnu/libreadline.so.8.1)
==703443==    by 0x489293D: ??? (in /usr/lib/x86_64-linux-gnu/libreadline.so.8.1)
==703443==    by 0x4892A84: rl_initialize (in /usr/lib/x86_64-linux-gnu/libreadline.so.8.1)
==703443==    by 0x4892CD4: readline (in /usr/lib/x86_64-linux-gnu/libreadline.so.8.1)
==703443==    by 0x109578: main (main.c:63)
==703443== 
==703443== 8,224 bytes in 2 blocks are still reachable in loss record 70 of 76
==703443==    at 0x4848899: malloc (in /usr/libexec/valgrind/vgpreload_memcheck-amd64-linux.so)
==703443==    by 0x48AABAC: xmalloc (in /usr/lib/x86_64-linux-gnu/libreadline.so.8.1)
==703443==    by 0x4887251: rl_make_bare_keymap (in /usr/lib/x86_64-linux-gnu/libreadline.so.8.1)
==703443==    by 0x4887B6A: rl_generic_bind (in /usr/lib/x86_64-linux-gnu/libreadline.so.8.1)
==703443==    by 0x489275D: rl_bind_keyseq_if_unbound_in_map (in /usr/lib/x86_64-linux-gnu/libreadline.so.8.1)
==703443==    by 0x489293D: ??? (in /usr/lib/x86_64-linux-gnu/libreadline.so.8.1)
==703443==    by 0x4892A93: rl_initialize (in /usr/lib/x86_64-linux-gnu/libreadline.so.8.1)
==703443==    by 0x4892CD4: readline (in /usr/lib/x86_64-linux-gnu/libreadline.so.8.1)
==703443==    by 0x109578: main (main.c:63)
==703443== 
==703443== 8,224 bytes in 2 blocks are still reachable in loss record 71 of 76
==703443==    at 0x4848899: malloc (in /usr/libexec/valgrind/vgpreload_memcheck-amd64-linux.so)
==703443==    by 0x48AABAC: xmalloc (in /usr/lib/x86_64-linux-gnu/libreadline.so.8.1)
==703443==    by 0x4887251: rl_make_bare_keymap (in /usr/lib/x86_64-linux-gnu/libreadline.so.8.1)
==703443==    by 0x4887B6A: rl_generic_bind (in /usr/lib/x86_64-linux-gnu/libreadline.so.8.1)
==703443==    by 0x489275D: rl_bind_keyseq_if_unbound_in_map (in /usr/lib/x86_64-linux-gnu/libreadline.so.8.1)
==703443==    by 0x489293D: ??? (in /usr/lib/x86_64-linux-gnu/libreadline.so.8.1)
==703443==    by 0x4892AB8: rl_initialize (in /usr/lib/x86_64-linux-gnu/libreadline.so.8.1)
==703443==    by 0x4892CD4: readline (in /usr/lib/x86_64-linux-gnu/libreadline.so.8.1)
==703443==    by 0x109578: main (main.c:63)
==703443== 
==703443== 8,224 bytes in 2 blocks are still reachable in loss record 72 of 76
==703443==    at 0x4848899: malloc (in /usr/libexec/valgrind/vgpreload_memcheck-amd64-linux.so)
==703443==    by 0x48AABAC: xmalloc (in /usr/lib/x86_64-linux-gnu/libreadline.so.8.1)
==703443==    by 0x4887251: rl_make_bare_keymap (in /usr/lib/x86_64-linux-gnu/libreadline.so.8.1)
==703443==    by 0x4887B6A: rl_generic_bind (in /usr/lib/x86_64-linux-gnu/libreadline.so.8.1)
==703443==    by 0x489275D: rl_bind_keyseq_if_unbound_in_map (in /usr/lib/x86_64-linux-gnu/libreadline.so.8.1)
==703443==    by 0x4892AD2: rl_initialize (in /usr/lib/x86_64-linux-gnu/libreadline.so.8.1)
==703443==    by 0x4892CD4: readline (in /usr/lib/x86_64-linux-gnu/libreadline.so.8.1)
==703443==    by 0x109578: main (main.c:63)
==703443== 
==703443== 8,224 bytes in 2 blocks are still reachable in loss record 73 of 76
==703443==    at 0x4848899: malloc (in /usr/libexec/valgrind/vgpreload_memcheck-amd64-linux.so)
==703443==    by 0x48AABAC: xmalloc (in /usr/lib/x86_64-linux-gnu/libreadline.so.8.1)
==703443==    by 0x4887251: rl_make_bare_keymap (in /usr/lib/x86_64-linux-gnu/libreadline.so.8.1)
==703443==    by 0x4887B6A: rl_generic_bind (in /usr/lib/x86_64-linux-gnu/libreadline.so.8.1)
==703443==    by 0x489275D: rl_bind_keyseq_if_unbound_in_map (in /usr/lib/x86_64-linux-gnu/libreadline.so.8.1)
==703443==    by 0x4892AE1: rl_initialize (in /usr/lib/x86_64-linux-gnu/libreadline.so.8.1)
==703443==    by 0x4892CD4: readline (in /usr/lib/x86_64-linux-gnu/libreadline.so.8.1)
==703443==    by 0x109578: main (main.c:63)
==703443== 
==703443== 12,336 bytes in 3 blocks are still reachable in loss record 74 of 76
==703443==    at 0x4848899: malloc (in /usr/libexec/valgrind/vgpreload_memcheck-amd64-linux.so)
==703443==    by 0x48AABAC: xmalloc (in /usr/lib/x86_64-linux-gnu/libreadline.so.8.1)
==703443==    by 0x4887251: rl_make_bare_keymap (in /usr/lib/x86_64-linux-gnu/libreadline.so.8.1)
==703443==    by 0x4887B6A: rl_generic_bind (in /usr/lib/x86_64-linux-gnu/libreadline.so.8.1)
==703443==    by 0x489275D: rl_bind_keyseq_if_unbound_in_map (in /usr/lib/x86_64-linux-gnu/libreadline.so.8.1)
==703443==    by 0x4892914: ??? (in /usr/lib/x86_64-linux-gnu/libreadline.so.8.1)
==703443==    by 0x4892A93: rl_initialize (in /usr/lib/x86_64-linux-gnu/libreadline.so.8.1)
==703443==    by 0x4892CD4: readline (in /usr/lib/x86_64-linux-gnu/libreadline.so.8.1)
==703443==    by 0x109578: main (main.c:63)
==703443== 
==703443== 12,336 bytes in 3 blocks are still reachable in loss record 75 of 76
==703443==    at 0x4848899: malloc (in /usr/libexec/valgrind/vgpreload_memcheck-amd64-linux.so)
==703443==    by 0x48AABAC: xmalloc (in /usr/lib/x86_64-linux-gnu/libreadline.so.8.1)
==703443==    by 0x4887251: rl_make_bare_keymap (in /usr/lib/x86_64-linux-gnu/libreadline.so.8.1)
==703443==    by 0x4887B6A: rl_generic_bind (in /usr/lib/x86_64-linux-gnu/libreadline.so.8.1)
==703443==    by 0x489275D: rl_bind_keyseq_if_unbound_in_map (in /usr/lib/x86_64-linux-gnu/libreadline.so.8.1)
==703443==    by 0x4892914: ??? (in /usr/lib/x86_64-linux-gnu/libreadline.so.8.1)
==703443==    by 0x4892AB8: rl_initialize (in /usr/lib/x86_64-linux-gnu/libreadline.so.8.1)
==703443==    by 0x4892CD4: readline (in /usr/lib/x86_64-linux-gnu/libreadline.so.8.1)
==703443==    by 0x109578: main (main.c:63)
==703443== 
==703443== 28,784 bytes in 7 blocks are still reachable in loss record 76 of 76
==703443==    at 0x4848899: malloc (in /usr/libexec/valgrind/vgpreload_memcheck-amd64-linux.so)
==703443==    by 0x48AABAC: xmalloc (in /usr/lib/x86_64-linux-gnu/libreadline.so.8.1)
==703443==    by 0x4887251: rl_make_bare_keymap (in /usr/lib/x86_64-linux-gnu/libreadline.so.8.1)
==703443==    by 0x4887B6A: rl_generic_bind (in /usr/lib/x86_64-linux-gnu/libreadline.so.8.1)
==703443==    by 0x489899E: rl_parse_and_bind (in /usr/lib/x86_64-linux-gnu/libreadline.so.8.1)
==703443==    by 0x4898B6C: ??? (in /usr/lib/x86_64-linux-gnu/libreadline.so.8.1)
==703443==    by 0x4892A38: rl_initialize (in /usr/lib/x86_64-linux-gnu/libreadline.so.8.1)
==703443==    by 0x4892CD4: readline (in /usr/lib/x86_64-linux-gnu/libreadline.so.8.1)
==703443==    by 0x109578: main (main.c:63)
==703443== 
==703443== LEAK SUMMARY:
==703443==    definitely lost: 24 bytes in 2 blocks
==703443==    indirectly lost: 0 bytes in 0 blocks
==703443==      possibly lost: 0 bytes in 0 blocks
==703443==    still reachable: 215,805 bytes in 535 blocks
==703443==         suppressed: 0 bytes in 0 blocks
==703443== 
==703443== ERROR SUMMARY: 3 errors from 3 contexts (suppressed: 0 from 0)
==703443== 
==703443== 1 errors in context 1 of 3:
==703443== Invalid read of size 1
==703443==    at 0x109F28: pipe_check (pipe_parsing.c:117)
==703443==    by 0x10A11B: pipe_parsing (pipe_parsing.c:186)
==703443==    by 0x1099A1: pipe_noding (pipe_noding.c:111)
==703443==    by 0x109624: main (main.c:83)
==703443==  Address 0x4b69e9b is 0 bytes after a block of size 11 alloc'd
==703443==    at 0x4848899: malloc (in /usr/libexec/valgrind/vgpreload_memcheck-amd64-linux.so)
==703443==    by 0x10EDE3: ft_strdup (in /home/armitite/Cursus/MinishellFaireCmdEspace/Minishell/minishell)
==703443==    by 0x10CCAF: clean_string (expander_utils.c:89)
==703443==    by 0x10C70C: expander (expander.c:90)
==703443==    by 0x10A0FE: pipe_parsing (pipe_parsing.c:184)
==703443==    by 0x1099A1: pipe_noding (pipe_noding.c:111)
==703443==    by 0x109624: main (main.c:83)
==703443== 
==703443== ERROR SUMMARY: 3 errors from 3 contexts (suppressed: 0 from 0)
==703438== 
==703438== Process terminating with default action of signal 2 (SIGINT)
==703438==    at 0x490775B: kill (syscall-template.S:120)
==703438==    by 0x48A4F39: _rl_signal_handler (in /usr/lib/x86_64-linux-gnu/libreadline.so.8.1)
==703438==    by 0x48A5BEC: rl_getc (in /usr/lib/x86_64-linux-gnu/libreadline.so.8.1)
==703438==    by 0x48A5460: rl_read_key (in /usr/lib/x86_64-linux-gnu/libreadline.so.8.1)
==703438==    by 0x4889C86: readline_internal_char (in /usr/lib/x86_64-linux-gnu/libreadline.so.8.1)
==703438==    by 0x4892D14: readline (in /usr/lib/x86_64-linux-gnu/libreadline.so.8.1)
==703438==    by 0x109578: main (main.c:63)
==703438== 
==703438== HEAP SUMMARY:
==703438==     in use at exit: 221,975 bytes in 555 blocks
==703438==   total heap usage: 823 allocs, 268 frees, 237,615 bytes allocated
==703438== 
==703438== 1 bytes in 1 blocks are still reachable in loss record 1 of 85
==703438==    at 0x4848899: malloc (in /usr/libexec/valgrind/vgpreload_memcheck-amd64-linux.so)
==703438==    by 0x10EDE3: ft_strdup (in /home/armitite/Cursus/MinishellFaireCmdEspace/Minishell/minishell)
==703438==    by 0x10EE8F: ft_substr (in /home/armitite/Cursus/MinishellFaireCmdEspace/Minishell/minishell)
==703438==    by 0x10D928: append_list (env.c:60)
==703438==    by 0x10DC27: make_envlist (env.c:138)
==703438==    by 0x109549: main (main.c:58)
==703438== 
==703438== 2 bytes in 1 blocks are still reachable in loss record 2 of 85
==703438==    at 0x4848899: malloc (in /usr/libexec/valgrind/vgpreload_memcheck-amd64-linux.so)
==703438==    by 0x10F14C: ft_itoa (in /home/armitite/Cursus/MinishellFaireCmdEspace/Minishell/minishell)
==703438==    by 0x10DB19: ft_shlvl (env.c:118)
==703438==    by 0x10DBED: make_envlist (env.c:136)
==703438==    by 0x109549: main (main.c:58)
==703438== 
==703438== 7 bytes in 1 blocks are still reachable in loss record 3 of 85
==703438==    at 0x4848899: malloc (in /usr/libexec/valgrind/vgpreload_memcheck-amd64-linux.so)
==703438==    by 0x10F8AB: ft_calloc (in /home/armitite/Cursus/MinishellFaireCmdEspace/Minishell/minishell)
==703438==    by 0x10EED7: ft_substr (in /home/armitite/Cursus/MinishellFaireCmdEspace/Minishell/minishell)
==703438==    by 0x10D905: append_list (env.c:59)
==703438==    by 0x10DC27: make_envlist (env.c:138)
==703438==    by 0x109549: main (main.c:58)
==703438== 
==703438== 8 bytes in 1 blocks are still reachable in loss record 4 of 85
==703438==    at 0x4848899: malloc (in /usr/libexec/valgrind/vgpreload_memcheck-amd64-linux.so)
==703438==    by 0x496D58E: strdup (strdup.c:42)
==703438==    by 0x4B0BD17: _nc_trim_sgr0 (in /usr/lib/x86_64-linux-gnu/libtinfo.so.6.3)
==703438==    by 0x4B0A6A8: tgetent_sp (in /usr/lib/x86_64-linux-gnu/libtinfo.so.6.3)
==703438==    by 0x48A61CD: _rl_init_terminal_io (in /usr/lib/x86_64-linux-gnu/libreadline.so.8.1)
==703438==    by 0x4892A0F: rl_initialize (in /usr/lib/x86_64-linux-gnu/libreadline.so.8.1)
==703438==    by 0x4892CD4: readline (in /usr/lib/x86_64-linux-gnu/libreadline.so.8.1)
==703438==    by 0x109578: main (main.c:63)
==703438== 
==703438== 8 bytes in 1 blocks are still reachable in loss record 5 of 85
==703438==    at 0x484DCD3: realloc (in /usr/libexec/valgrind/vgpreload_memcheck-amd64-linux.so)
==703438==    by 0x48AB491: xrealloc (in /usr/lib/x86_64-linux-gnu/libreadline.so.8.1)
==703438==    by 0x4897626: ??? (in /usr/lib/x86_64-linux-gnu/libreadline.so.8.1)
==703438==    by 0x4897E0D: rl_expand_prompt (in /usr/lib/x86_64-linux-gnu/libreadline.so.8.1)
==703438==    by 0x48871BF: rl_set_prompt (in /usr/lib/x86_64-linux-gnu/libreadline.so.8.1)
==703438==    by 0x4892CCF: readline (in /usr/lib/x86_64-linux-gnu/libreadline.so.8.1)
==703438==    by 0x109578: main (main.c:63)
==703438== 
==703438== 9 bytes in 1 blocks are still reachable in loss record 6 of 85
==703438==    at 0x4848899: malloc (in /usr/libexec/valgrind/vgpreload_memcheck-amd64-linux.so)
==703438==    by 0x490A03F: __add_to_environ (setenv.c:217)
==703438==    by 0x48543FF: setenv (in /usr/libexec/valgrind/vgpreload_memcheck-amd64-linux.so)
==703438==    by 0x48AA005: sh_set_lines_and_columns (in /usr/lib/x86_64-linux-gnu/libreadline.so.8.1)
==703438==    by 0x48A4AF7: _rl_get_screen_size (in /usr/lib/x86_64-linux-gnu/libreadline.so.8.1)
==703438==    by 0x4897AB8: ??? (in /usr/lib/x86_64-linux-gnu/libreadline.so.8.1)
==703438==    by 0x4897E0D: rl_expand_prompt (in /usr/lib/x86_64-linux-gnu/libreadline.so.8.1)
==703438==    by 0x48871BF: rl_set_prompt (in /usr/lib/x86_64-linux-gnu/libreadline.so.8.1)
==703438==    by 0x4892CCF: readline (in /usr/lib/x86_64-linux-gnu/libreadline.so.8.1)
==703438==    by 0x109578: main (main.c:63)
==703438== 
==703438== 10 bytes in 1 blocks are still reachable in loss record 7 of 85
==703438==    at 0x4848899: malloc (in /usr/libexec/valgrind/vgpreload_memcheck-amd64-linux.so)
==703438==    by 0x48AABAC: xmalloc (in /usr/lib/x86_64-linux-gnu/libreadline.so.8.1)
==703438==    by 0x48871E3: rl_set_prompt (in /usr/lib/x86_64-linux-gnu/libreadline.so.8.1)
==703438==    by 0x4892CCF: readline (in /usr/lib/x86_64-linux-gnu/libreadline.so.8.1)
==703438==    by 0x109578: main (main.c:63)
==703438== 
==703438== 10 bytes in 1 blocks are still reachable in loss record 8 of 85
==703438==    at 0x4848899: malloc (in /usr/libexec/valgrind/vgpreload_memcheck-amd64-linux.so)
==703438==    by 0x48AABAC: xmalloc (in /usr/lib/x86_64-linux-gnu/libreadline.so.8.1)
==703438==    by 0x48975F2: ??? (in /usr/lib/x86_64-linux-gnu/libreadline.so.8.1)
==703438==    by 0x4897E0D: rl_expand_prompt (in /usr/lib/x86_64-linux-gnu/libreadline.so.8.1)
==703438==    by 0x48871BF: rl_set_prompt (in /usr/lib/x86_64-linux-gnu/libreadline.so.8.1)
==703438==    by 0x4892CCF: readline (in /usr/lib/x86_64-linux-gnu/libreadline.so.8.1)
==703438==    by 0x109578: main (main.c:63)
==703438== 
==703438== 12 bytes in 1 blocks are still reachable in loss record 9 of 85
==703438==    at 0x4848899: malloc (in /usr/libexec/valgrind/vgpreload_memcheck-amd64-linux.so)
==703438==    by 0x490A03F: __add_to_environ (setenv.c:217)
==703438==    by 0x48543FF: setenv (in /usr/libexec/valgrind/vgpreload_memcheck-amd64-linux.so)
==703438==    by 0x48A4AF7: _rl_get_screen_size (in /usr/lib/x86_64-linux-gnu/libreadline.so.8.1)
==703438==    by 0x4897AB8: ??? (in /usr/lib/x86_64-linux-gnu/libreadline.so.8.1)
==703438==    by 0x4897E0D: rl_expand_prompt (in /usr/lib/x86_64-linux-gnu/libreadline.so.8.1)
==703438==    by 0x48871BF: rl_set_prompt (in /usr/lib/x86_64-linux-gnu/libreadline.so.8.1)
==703438==    by 0x4892CCF: readline (in /usr/lib/x86_64-linux-gnu/libreadline.so.8.1)
==703438==    by 0x109578: main (main.c:63)
==703438== 
==703438== 12 bytes in 1 blocks are still reachable in loss record 10 of 85
==703438==    at 0x4848899: malloc (in /usr/libexec/valgrind/vgpreload_memcheck-amd64-linux.so)
==703438==    by 0x496D58E: strdup (strdup.c:42)
==703438==    by 0x48FD31A: _nl_load_locale_from_archive (loadarchive.c:464)
==703438==    by 0x48FC0DF: _nl_find_locale (findlocale.c:152)
==703438==    by 0x48FBA90: setlocale (setlocale.c:414)
==703438==    by 0x48FBA90: setlocale (setlocale.c:217)
==703438==    by 0x48A4C45: _rl_init_locale (in /usr/lib/x86_64-linux-gnu/libreadline.so.8.1)
==703438==    by 0x48A4D2C: _rl_init_eightbit (in /usr/lib/x86_64-linux-gnu/libreadline.so.8.1)
==703438==    by 0x4892A31: rl_initialize (in /usr/lib/x86_64-linux-gnu/libreadline.so.8.1)
==703438==    by 0x4892CD4: readline (in /usr/lib/x86_64-linux-gnu/libreadline.so.8.1)
==703438==    by 0x109578: main (main.c:63)
==703438== 
==703438== 12 bytes in 1 blocks are still reachable in loss record 11 of 85
==703438==    at 0x4848899: malloc (in /usr/libexec/valgrind/vgpreload_memcheck-amd64-linux.so)
==703438==    by 0x496D58E: strdup (strdup.c:42)
==703438==    by 0x48FBACA: setlocale (setlocale.c:431)
==703438==    by 0x48FBACA: setlocale (setlocale.c:217)
==703438==    by 0x48A4C45: _rl_init_locale (in /usr/lib/x86_64-linux-gnu/libreadline.so.8.1)
==703438==    by 0x48A4D2C: _rl_init_eightbit (in /usr/lib/x86_64-linux-gnu/libreadline.so.8.1)
==703438==    by 0x4892A31: rl_initialize (in /usr/lib/x86_64-linux-gnu/libreadline.so.8.1)
==703438==    by 0x4892CD4: readline (in /usr/lib/x86_64-linux-gnu/libreadline.so.8.1)
==703438==    by 0x109578: main (main.c:63)
==703438== 
==703438== 13 bytes in 1 blocks are still reachable in loss record 12 of 85
==703438==    at 0x4848899: malloc (in /usr/libexec/valgrind/vgpreload_memcheck-amd64-linux.so)
==703438==    by 0x48AABAC: xmalloc (in /usr/lib/x86_64-linux-gnu/libreadline.so.8.1)
==703438==    by 0x4898BF5: ??? (in /usr/lib/x86_64-linux-gnu/libreadline.so.8.1)
==703438==    by 0x4892A38: rl_initialize (in /usr/lib/x86_64-linux-gnu/libreadline.so.8.1)
==703438==    by 0x4892CD4: readline (in /usr/lib/x86_64-linux-gnu/libreadline.so.8.1)
==703438==    by 0x109578: main (main.c:63)
==703438== 
==703438== 14 bytes in 1 blocks are still reachable in loss record 13 of 85
==703438==    at 0x484DCD3: realloc (in /usr/libexec/valgrind/vgpreload_memcheck-amd64-linux.so)
==703438==    by 0x4AFE6CC: _nc_doalloc (in /usr/lib/x86_64-linux-gnu/libtinfo.so.6.3)
==703438==    by 0x4B05272: _nc_tiparm (in /usr/lib/x86_64-linux-gnu/libtinfo.so.6.3)
==703438==    by 0x4B0BC7D: ??? (in /usr/lib/x86_64-linux-gnu/libtinfo.so.6.3)
==703438==    by 0x4B0BD09: _nc_trim_sgr0 (in /usr/lib/x86_64-linux-gnu/libtinfo.so.6.3)
==703438==    by 0x4B0A6A8: tgetent_sp (in /usr/lib/x86_64-linux-gnu/libtinfo.so.6.3)
==703438==    by 0x48A61CD: _rl_init_terminal_io (in /usr/lib/x86_64-linux-gnu/libreadline.so.8.1)
==703438==    by 0x4892A0F: rl_initialize (in /usr/lib/x86_64-linux-gnu/libreadline.so.8.1)
==703438==    by 0x4892CD4: readline (in /usr/lib/x86_64-linux-gnu/libreadline.so.8.1)
==703438==    by 0x109578: main (main.c:63)
==703438== 
==703438== 15 bytes in 1 blocks are still reachable in loss record 14 of 85
==703438==    at 0x4848899: malloc (in /usr/libexec/valgrind/vgpreload_memcheck-amd64-linux.so)
==703438==    by 0x496D58E: strdup (strdup.c:42)
==703438==    by 0x4AFD377: ??? (in /usr/lib/x86_64-linux-gnu/libtinfo.so.6.3)
==703438==    by 0x4AFFBF8: _nc_first_db (in /usr/lib/x86_64-linux-gnu/libtinfo.so.6.3)
==703438==    by 0x4B09696: _nc_read_entry2 (in /usr/lib/x86_64-linux-gnu/libtinfo.so.6.3)
==703438==    by 0x4B09711: ??? (in /usr/lib/x86_64-linux-gnu/libtinfo.so.6.3)
==703438==    by 0x4B09866: _nc_setupterm (in /usr/lib/x86_64-linux-gnu/libtinfo.so.6.3)
==703438==    by 0x4B0A4C9: tgetent_sp (in /usr/lib/x86_64-linux-gnu/libtinfo.so.6.3)
==703438==    by 0x48A61CD: _rl_init_terminal_io (in /usr/lib/x86_64-linux-gnu/libreadline.so.8.1)
==703438==    by 0x4892A0F: rl_initialize (in /usr/lib/x86_64-linux-gnu/libreadline.so.8.1)
==703438==    by 0x4892CD4: readline (in /usr/lib/x86_64-linux-gnu/libreadline.so.8.1)
==703438==    by 0x109578: main (main.c:63)
==703438== 
==703438== 15 bytes in 1 blocks are still reachable in loss record 15 of 85
==703438==    at 0x4848899: malloc (in /usr/libexec/valgrind/vgpreload_memcheck-amd64-linux.so)
==703438==    by 0x496D58E: strdup (strdup.c:42)
==703438==    by 0x4B098AE: _nc_setupterm (in /usr/lib/x86_64-linux-gnu/libtinfo.so.6.3)
==703438==    by 0x4B0A4C9: tgetent_sp (in /usr/lib/x86_64-linux-gnu/libtinfo.so.6.3)
==703438==    by 0x48A61CD: _rl_init_terminal_io (in /usr/lib/x86_64-linux-gnu/libreadline.so.8.1)
==703438==    by 0x4892A0F: rl_initialize (in /usr/lib/x86_64-linux-gnu/libreadline.so.8.1)
==703438==    by 0x4892CD4: readline (in /usr/lib/x86_64-linux-gnu/libreadline.so.8.1)
==703438==    by 0x109578: main (main.c:63)
==703438== 
==703438== 16 bytes in 1 blocks are still reachable in loss record 16 of 85
==703438==    at 0x4848899: malloc (in /usr/libexec/valgrind/vgpreload_memcheck-amd64-linux.so)
==703438==    by 0x4892B26: rl_initialize (in /usr/lib/x86_64-linux-gnu/libreadline.so.8.1)
==703438==    by 0x4892CD4: readline (in /usr/lib/x86_64-linux-gnu/libreadline.so.8.1)
==703438==    by 0x109578: main (main.c:63)
==703438== 
==703438== 20 bytes in 1 blocks are still reachable in loss record 17 of 85
==703438==    at 0x4848899: malloc (in /usr/libexec/valgrind/vgpreload_memcheck-amd64-linux.so)
==703438==    by 0x48AABAC: xmalloc (in /usr/lib/x86_64-linux-gnu/libreadline.so.8.1)
==703438==    by 0x4895D8B: ??? (in /usr/lib/x86_64-linux-gnu/libreadline.so.8.1)
==703438==    by 0x48986C9: rl_parse_and_bind (in /usr/lib/x86_64-linux-gnu/libreadline.so.8.1)
==703438==    by 0x4898B6C: ??? (in /usr/lib/x86_64-linux-gnu/libreadline.so.8.1)
==703438==    by 0x4892A38: rl_initialize (in /usr/lib/x86_64-linux-gnu/libreadline.so.8.1)
==703438==    by 0x4892CD4: readline (in /usr/lib/x86_64-linux-gnu/libreadline.so.8.1)
==703438==    by 0x109578: main (main.c:63)
==703438== 
==703438== 24 bytes in 1 blocks are still reachable in loss record 18 of 85
==703438==    at 0x4848899: malloc (in /usr/libexec/valgrind/vgpreload_memcheck-amd64-linux.so)
==703438==    by 0x49E4F34: tsearch (tsearch.c:337)
==703438==    by 0x490A06A: __add_to_environ (setenv.c:233)
==703438==    by 0x48543FF: setenv (in /usr/libexec/valgrind/vgpreload_memcheck-amd64-linux.so)
==703438==    by 0x48AA005: sh_set_lines_and_columns (in /usr/lib/x86_64-linux-gnu/libreadline.so.8.1)
==703438==    by 0x48A4AF7: _rl_get_screen_size (in /usr/lib/x86_64-linux-gnu/libreadline.so.8.1)
==703438==    by 0x4897AB8: ??? (in /usr/lib/x86_64-linux-gnu/libreadline.so.8.1)
==703438==    by 0x4897E0D: rl_expand_prompt (in /usr/lib/x86_64-linux-gnu/libreadline.so.8.1)
==703438==    by 0x48871BF: rl_set_prompt (in /usr/lib/x86_64-linux-gnu/libreadline.so.8.1)
==703438==    by 0x4892CCF: readline (in /usr/lib/x86_64-linux-gnu/libreadline.so.8.1)
==703438==    by 0x109578: main (main.c:63)
==703438== 
==703438== 24 bytes in 1 blocks are still reachable in loss record 19 of 85
==703438==    at 0x4848899: malloc (in /usr/libexec/valgrind/vgpreload_memcheck-amd64-linux.so)
==703438==    by 0x49E4F9E: tsearch (tsearch.c:337)
==703438==    by 0x490A06A: __add_to_environ (setenv.c:233)
==703438==    by 0x48543FF: setenv (in /usr/libexec/valgrind/vgpreload_memcheck-amd64-linux.so)
==703438==    by 0x48A4AF7: _rl_get_screen_size (in /usr/lib/x86_64-linux-gnu/libreadline.so.8.1)
==703438==    by 0x4897AB8: ??? (in /usr/lib/x86_64-linux-gnu/libreadline.so.8.1)
==703438==    by 0x4897E0D: rl_expand_prompt (in /usr/lib/x86_64-linux-gnu/libreadline.so.8.1)
==703438==    by 0x48871BF: rl_set_prompt (in /usr/lib/x86_64-linux-gnu/libreadline.so.8.1)
==703438==    by 0x4892CCF: readline (in /usr/lib/x86_64-linux-gnu/libreadline.so.8.1)
==703438==    by 0x109578: main (main.c:63)
==703438== 
==703438== 24 bytes in 1 blocks are still reachable in loss record 20 of 85
==703438==    at 0x4848899: malloc (in /usr/libexec/valgrind/vgpreload_memcheck-amd64-linux.so)
==703438==    by 0x49E4F34: tsearch (tsearch.c:337)
==703438==    by 0x4B01D6E: ??? (in /usr/lib/x86_64-linux-gnu/libtinfo.so.6.3)
==703438==    by 0x4B05098: _nc_tiparm (in /usr/lib/x86_64-linux-gnu/libtinfo.so.6.3)
==703438==    by 0x4B0BC7D: ??? (in /usr/lib/x86_64-linux-gnu/libtinfo.so.6.3)
==703438==    by 0x4B0BD09: _nc_trim_sgr0 (in /usr/lib/x86_64-linux-gnu/libtinfo.so.6.3)
==703438==    by 0x4B0A6A8: tgetent_sp (in /usr/lib/x86_64-linux-gnu/libtinfo.so.6.3)
==703438==    by 0x48A61CD: _rl_init_terminal_io (in /usr/lib/x86_64-linux-gnu/libreadline.so.8.1)
==703438==    by 0x4892A0F: rl_initialize (in /usr/lib/x86_64-linux-gnu/libreadline.so.8.1)
==703438==    by 0x4892CD4: readline (in /usr/lib/x86_64-linux-gnu/libreadline.so.8.1)
==703438==    by 0x109578: main (main.c:63)
==703438== 
==703438== 27 bytes in 1 blocks are still reachable in loss record 21 of 85
==703438==    at 0x4848899: malloc (in /usr/libexec/valgrind/vgpreload_memcheck-amd64-linux.so)
==703438==    by 0x4AFF624: _nc_home_terminfo (in /usr/lib/x86_64-linux-gnu/libtinfo.so.6.3)
==703438==    by 0x4AFFBE2: _nc_first_db (in /usr/lib/x86_64-linux-gnu/libtinfo.so.6.3)
==703438==    by 0x4B09696: _nc_read_entry2 (in /usr/lib/x86_64-linux-gnu/libtinfo.so.6.3)
==703438==    by 0x4B09711: ??? (in /usr/lib/x86_64-linux-gnu/libtinfo.so.6.3)
==703438==    by 0x4B09866: _nc_setupterm (in /usr/lib/x86_64-linux-gnu/libtinfo.so.6.3)
==703438==    by 0x4B0A4C9: tgetent_sp (in /usr/lib/x86_64-linux-gnu/libtinfo.so.6.3)
==703438==    by 0x48A61CD: _rl_init_terminal_io (in /usr/lib/x86_64-linux-gnu/libreadline.so.8.1)
==703438==    by 0x4892A0F: rl_initialize (in /usr/lib/x86_64-linux-gnu/libreadline.so.8.1)
==703438==    by 0x4892CD4: readline (in /usr/lib/x86_64-linux-gnu/libreadline.so.8.1)
==703438==    by 0x109578: main (main.c:63)
==703438== 
==703438== 32 bytes in 1 blocks are still reachable in loss record 22 of 85
==703438==    at 0x4848899: malloc (in /usr/libexec/valgrind/vgpreload_memcheck-amd64-linux.so)
==703438==    by 0x10D898: append_list (env.c:50)
==703438==    by 0x10DC27: make_envlist (env.c:138)
==703438==    by 0x109549: main (main.c:58)
==703438== 
==703438== 32 bytes in 1 blocks are still reachable in loss record 23 of 85
==703438==    at 0x484DA83: calloc (in /usr/libexec/valgrind/vgpreload_memcheck-amd64-linux.so)
==703438==    by 0x4997C1F: __wcsmbs_load_conv (wcsmbsload.c:167)
==703438==    by 0x498B16E: get_gconv_fcts (wcsmbsload.h:73)
==703438==    by 0x498B16E: mbrtowc (mbrtowc.c:69)
==703438==    by 0x489A2D7: ??? (in /usr/lib/x86_64-linux-gnu/libreadline.so.8.1)
==703438==    by 0x489CCE1: rl_redisplay (in /usr/lib/x86_64-linux-gnu/libreadline.so.8.1)
==703438==    by 0x4888458: readline_internal_setup (in /usr/lib/x86_64-linux-gnu/libreadline.so.8.1)
==703438==    by 0x4892CF8: readline (in /usr/lib/x86_64-linux-gnu/libreadline.so.8.1)
==703438==    by 0x109578: main (main.c:63)
==703438== 
==703438== 46 bytes in 1 blocks are still reachable in loss record 24 of 85
==703438==    at 0x484DCD3: realloc (in /usr/libexec/valgrind/vgpreload_memcheck-amd64-linux.so)
==703438==    by 0x4AFE6CC: _nc_doalloc (in /usr/lib/x86_64-linux-gnu/libtinfo.so.6.3)
==703438==    by 0x4B0916F: _nc_read_termtype (in /usr/lib/x86_64-linux-gnu/libtinfo.so.6.3)
==703438==    by 0x4B0952A: ??? (in /usr/lib/x86_64-linux-gnu/libtinfo.so.6.3)
==703438==    by 0x4B0BC40: ??? (in /usr/lib/x86_64-linux-gnu/libtinfo.so.6.3)
==703438==    by 0x4B096BB: _nc_read_entry2 (in /usr/lib/x86_64-linux-gnu/libtinfo.so.6.3)
==703438==    by 0x4B09711: ??? (in /usr/lib/x86_64-linux-gnu/libtinfo.so.6.3)
==703438==    by 0x4B09866: _nc_setupterm (in /usr/lib/x86_64-linux-gnu/libtinfo.so.6.3)
==703438==    by 0x4B0A4C9: tgetent_sp (in /usr/lib/x86_64-linux-gnu/libtinfo.so.6.3)
==703438==    by 0x48A61CD: _rl_init_terminal_io (in /usr/lib/x86_64-linux-gnu/libreadline.so.8.1)
==703438==    by 0x4892A0F: rl_initialize (in /usr/lib/x86_64-linux-gnu/libreadline.so.8.1)
==703438==    by 0x4892CD4: readline (in /usr/lib/x86_64-linux-gnu/libreadline.so.8.1)
==703438== 
==703438== 46 bytes in 1 blocks are still reachable in loss record 25 of 85
==703438==    at 0x4848899: malloc (in /usr/libexec/valgrind/vgpreload_memcheck-amd64-linux.so)
==703438==    by 0x4AFDFDE: ??? (in /usr/lib/x86_64-linux-gnu/libtinfo.so.6.3)
==703438==    by 0x4B0987D: _nc_setupterm (in /usr/lib/x86_64-linux-gnu/libtinfo.so.6.3)
==703438==    by 0x4B0A4C9: tgetent_sp (in /usr/lib/x86_64-linux-gnu/libtinfo.so.6.3)
==703438==    by 0x48A61CD: _rl_init_terminal_io (in /usr/lib/x86_64-linux-gnu/libreadline.so.8.1)
==703438==    by 0x4892A0F: rl_initialize (in /usr/lib/x86_64-linux-gnu/libreadline.so.8.1)
==703438==    by 0x4892CD4: readline (in /usr/lib/x86_64-linux-gnu/libreadline.so.8.1)
==703438==    by 0x109578: main (main.c:63)
==703438== 
==703438== 48 bytes in 1 blocks are still reachable in loss record 26 of 85
==703438==    at 0x484DA83: calloc (in /usr/libexec/valgrind/vgpreload_memcheck-amd64-linux.so)
==703438==    by 0x4AFF833: _nc_first_db (in /usr/lib/x86_64-linux-gnu/libtinfo.so.6.3)
==703438==    by 0x4B09696: _nc_read_entry2 (in /usr/lib/x86_64-linux-gnu/libtinfo.so.6.3)
==703438==    by 0x4B09711: ??? (in /usr/lib/x86_64-linux-gnu/libtinfo.so.6.3)
==703438==    by 0x4B09866: _nc_setupterm (in /usr/lib/x86_64-linux-gnu/libtinfo.so.6.3)
==703438==    by 0x4B0A4C9: tgetent_sp (in /usr/lib/x86_64-linux-gnu/libtinfo.so.6.3)
==703438==    by 0x48A61CD: _rl_init_terminal_io (in /usr/lib/x86_64-linux-gnu/libreadline.so.8.1)
==703438==    by 0x4892A0F: rl_initialize (in /usr/lib/x86_64-linux-gnu/libreadline.so.8.1)
==703438==    by 0x4892CD4: readline (in /usr/lib/x86_64-linux-gnu/libreadline.so.8.1)
==703438==    by 0x109578: main (main.c:63)
==703438== 
==703438== 78 bytes in 1 blocks are still reachable in loss record 27 of 85
==703438==    at 0x4848899: malloc (in /usr/libexec/valgrind/vgpreload_memcheck-amd64-linux.so)
==703438==    by 0x4AFE04B: ??? (in /usr/lib/x86_64-linux-gnu/libtinfo.so.6.3)
==703438==    by 0x4B0987D: _nc_setupterm (in /usr/lib/x86_64-linux-gnu/libtinfo.so.6.3)
==703438==    by 0x4B0A4C9: tgetent_sp (in /usr/lib/x86_64-linux-gnu/libtinfo.so.6.3)
==703438==    by 0x48A61CD: _rl_init_terminal_io (in /usr/lib/x86_64-linux-gnu/libreadline.so.8.1)
==703438==    by 0x4892A0F: rl_initialize (in /usr/lib/x86_64-linux-gnu/libreadline.so.8.1)
==703438==    by 0x4892CD4: readline (in /usr/lib/x86_64-linux-gnu/libreadline.so.8.1)
==703438==    by 0x109578: main (main.c:63)
==703438== 
==703438== 93 bytes in 1 blocks are still reachable in loss record 28 of 85
==703438==    at 0x4848899: malloc (in /usr/libexec/valgrind/vgpreload_memcheck-amd64-linux.so)
==703438==    by 0x496D58E: strdup (strdup.c:42)
==703438==    by 0x4B01D54: ??? (in /usr/lib/x86_64-linux-gnu/libtinfo.so.6.3)
==703438==    by 0x4B05098: _nc_tiparm (in /usr/lib/x86_64-linux-gnu/libtinfo.so.6.3)
==703438==    by 0x4B0BC7D: ??? (in /usr/lib/x86_64-linux-gnu/libtinfo.so.6.3)
==703438==    by 0x4B0BD09: _nc_trim_sgr0 (in /usr/lib/x86_64-linux-gnu/libtinfo.so.6.3)
==703438==    by 0x4B0A6A8: tgetent_sp (in /usr/lib/x86_64-linux-gnu/libtinfo.so.6.3)
==703438==    by 0x48A61CD: _rl_init_terminal_io (in /usr/lib/x86_64-linux-gnu/libreadline.so.8.1)
==703438==    by 0x4892A0F: rl_initialize (in /usr/lib/x86_64-linux-gnu/libreadline.so.8.1)
==703438==    by 0x4892CD4: readline (in /usr/lib/x86_64-linux-gnu/libreadline.so.8.1)
==703438==    by 0x109578: main (main.c:63)
==703438== 
==703438== 94 bytes in 1 blocks are still reachable in loss record 29 of 85
==703438==    at 0x4848899: malloc (in /usr/libexec/valgrind/vgpreload_memcheck-amd64-linux.so)
==703438==    by 0x4B0195B: _nc_tparm_analyze (in /usr/lib/x86_64-linux-gnu/libtinfo.so.6.3)
==703438==    by 0x4B01C62: ??? (in /usr/lib/x86_64-linux-gnu/libtinfo.so.6.3)
==703438==    by 0x4B05098: _nc_tiparm (in /usr/lib/x86_64-linux-gnu/libtinfo.so.6.3)
==703438==    by 0x4B0BC7D: ??? (in /usr/lib/x86_64-linux-gnu/libtinfo.so.6.3)
==703438==    by 0x4B0BD09: _nc_trim_sgr0 (in /usr/lib/x86_64-linux-gnu/libtinfo.so.6.3)
==703438==    by 0x4B0A6A8: tgetent_sp (in /usr/lib/x86_64-linux-gnu/libtinfo.so.6.3)
==703438==    by 0x48A61CD: _rl_init_terminal_io (in /usr/lib/x86_64-linux-gnu/libreadline.so.8.1)
==703438==    by 0x4892A0F: rl_initialize (in /usr/lib/x86_64-linux-gnu/libreadline.so.8.1)
==703438==    by 0x4892CD4: readline (in /usr/lib/x86_64-linux-gnu/libreadline.so.8.1)
==703438==    by 0x109578: main (main.c:63)
==703438== 
==703438== 96 bytes in 1 blocks are still reachable in loss record 30 of 85
==703438==    at 0x4848899: malloc (in /usr/libexec/valgrind/vgpreload_memcheck-amd64-linux.so)
==703438==    by 0x4AFF79A: _nc_first_db (in /usr/lib/x86_64-linux-gnu/libtinfo.so.6.3)
==703438==    by 0x4B09696: _nc_read_entry2 (in /usr/lib/x86_64-linux-gnu/libtinfo.so.6.3)
==703438==    by 0x4B09711: ??? (in /usr/lib/x86_64-linux-gnu/libtinfo.so.6.3)
==703438==    by 0x4B09866: _nc_setupterm (in /usr/lib/x86_64-linux-gnu/libtinfo.so.6.3)
==703438==    by 0x4B0A4C9: tgetent_sp (in /usr/lib/x86_64-linux-gnu/libtinfo.so.6.3)
==703438==    by 0x48A61CD: _rl_init_terminal_io (in /usr/lib/x86_64-linux-gnu/libreadline.so.8.1)
==703438==    by 0x4892A0F: rl_initialize (in /usr/lib/x86_64-linux-gnu/libreadline.so.8.1)
==703438==    by 0x4892CD4: readline (in /usr/lib/x86_64-linux-gnu/libreadline.so.8.1)
==703438==    by 0x109578: main (main.c:63)
==703438== 
==703438== 120 bytes in 1 blocks are still reachable in loss record 31 of 85
==703438==    at 0x4848899: malloc (in /usr/libexec/valgrind/vgpreload_memcheck-amd64-linux.so)
==703438==    by 0x48FD2FF: _nl_load_locale_from_archive (loadarchive.c:460)
==703438==    by 0x48FC0DF: _nl_find_locale (findlocale.c:152)
==703438==    by 0x48FBA90: setlocale (setlocale.c:414)
==703438==    by 0x48FBA90: setlocale (setlocale.c:217)
==703438==    by 0x48A4C45: _rl_init_locale (in /usr/lib/x86_64-linux-gnu/libreadline.so.8.1)
==703438==    by 0x48A4D2C: _rl_init_eightbit (in /usr/lib/x86_64-linux-gnu/libreadline.so.8.1)
==703438==    by 0x4892A31: rl_initialize (in /usr/lib/x86_64-linux-gnu/libreadline.so.8.1)
==703438==    by 0x4892CD4: readline (in /usr/lib/x86_64-linux-gnu/libreadline.so.8.1)
==703438==    by 0x109578: main (main.c:63)
==703438== 
==703438== 156 bytes in 1 blocks are still reachable in loss record 32 of 85
==703438==    at 0x484DCD3: realloc (in /usr/libexec/valgrind/vgpreload_memcheck-amd64-linux.so)
==703438==    by 0x4AFE6CC: _nc_doalloc (in /usr/lib/x86_64-linux-gnu/libtinfo.so.6.3)
==703438==    by 0x4B09197: _nc_read_termtype (in /usr/lib/x86_64-linux-gnu/libtinfo.so.6.3)
==703438==    by 0x4B0952A: ??? (in /usr/lib/x86_64-linux-gnu/libtinfo.so.6.3)
==703438==    by 0x4B0BC40: ??? (in /usr/lib/x86_64-linux-gnu/libtinfo.so.6.3)
==703438==    by 0x4B096BB: _nc_read_entry2 (in /usr/lib/x86_64-linux-gnu/libtinfo.so.6.3)
==703438==    by 0x4B09711: ??? (in /usr/lib/x86_64-linux-gnu/libtinfo.so.6.3)
==703438==    by 0x4B09866: _nc_setupterm (in /usr/lib/x86_64-linux-gnu/libtinfo.so.6.3)
==703438==    by 0x4B0A4C9: tgetent_sp (in /usr/lib/x86_64-linux-gnu/libtinfo.so.6.3)
==703438==    by 0x48A61CD: _rl_init_terminal_io (in /usr/lib/x86_64-linux-gnu/libreadline.so.8.1)
==703438==    by 0x4892A0F: rl_initialize (in /usr/lib/x86_64-linux-gnu/libreadline.so.8.1)
==703438==    by 0x4892CD4: readline (in /usr/lib/x86_64-linux-gnu/libreadline.so.8.1)
==703438== 
==703438== 168 bytes in 1 blocks are still reachable in loss record 33 of 85
==703438==    at 0x484DA83: calloc (in /usr/libexec/valgrind/vgpreload_memcheck-amd64-linux.so)
==703438==    by 0x4B01CCD: ??? (in /usr/lib/x86_64-linux-gnu/libtinfo.so.6.3)
==703438==    by 0x4B05098: _nc_tiparm (in /usr/lib/x86_64-linux-gnu/libtinfo.so.6.3)
==703438==    by 0x4B0BC7D: ??? (in /usr/lib/x86_64-linux-gnu/libtinfo.so.6.3)
==703438==    by 0x4B0BD09: _nc_trim_sgr0 (in /usr/lib/x86_64-linux-gnu/libtinfo.so.6.3)
==703438==    by 0x4B0A6A8: tgetent_sp (in /usr/lib/x86_64-linux-gnu/libtinfo.so.6.3)
==703438==    by 0x48A61CD: _rl_init_terminal_io (in /usr/lib/x86_64-linux-gnu/libreadline.so.8.1)
==703438==    by 0x4892A0F: rl_initialize (in /usr/lib/x86_64-linux-gnu/libreadline.so.8.1)
==703438==    by 0x4892CD4: readline (in /usr/lib/x86_64-linux-gnu/libreadline.so.8.1)
==703438==    by 0x109578: main (main.c:63)
==703438== 
==703438== 171 bytes in 1 blocks are still reachable in loss record 34 of 85
==703438==    at 0x4848899: malloc (in /usr/libexec/valgrind/vgpreload_memcheck-amd64-linux.so)
==703438==    by 0x48FB607: new_composite_name (setlocale.c:170)
==703438==    by 0x48FBAEA: setlocale (setlocale.c:437)
==703438==    by 0x48FBAEA: setlocale (setlocale.c:217)
==703438==    by 0x48A4C45: _rl_init_locale (in /usr/lib/x86_64-linux-gnu/libreadline.so.8.1)
==703438==    by 0x48A4D2C: _rl_init_eightbit (in /usr/lib/x86_64-linux-gnu/libreadline.so.8.1)
==703438==    by 0x4892A31: rl_initialize (in /usr/lib/x86_64-linux-gnu/libreadline.so.8.1)
==703438==    by 0x4892CD4: readline (in /usr/lib/x86_64-linux-gnu/libreadline.so.8.1)
==703438==    by 0x109578: main (main.c:63)
==703438== 
==703438== 208 bytes in 1 blocks are still reachable in loss record 35 of 85
==703438==    at 0x4848899: malloc (in /usr/libexec/valgrind/vgpreload_memcheck-amd64-linux.so)
==703438==    by 0x48FA9D6: __gconv_lookup_cache (gconv_cache.c:365)
==703438==    by 0x48F0B6E: __gconv_find_transform (gconv_db.c:732)
==703438==    by 0x4997D4A: __wcsmbs_getfct (wcsmbsload.c:91)
==703438==    by 0x4997D4A: __wcsmbs_load_conv (wcsmbsload.c:185)
==703438==    by 0x498B16E: get_gconv_fcts (wcsmbsload.h:73)
==703438==    by 0x498B16E: mbrtowc (mbrtowc.c:69)
==703438==    by 0x489A2D7: ??? (in /usr/lib/x86_64-linux-gnu/libreadline.so.8.1)
==703438==    by 0x489CCE1: rl_redisplay (in /usr/lib/x86_64-linux-gnu/libreadline.so.8.1)
==703438==    by 0x4888458: readline_internal_setup (in /usr/lib/x86_64-linux-gnu/libreadline.so.8.1)
==703438==    by 0x4892CF8: readline (in /usr/lib/x86_64-linux-gnu/libreadline.so.8.1)
==703438==    by 0x109578: main (main.c:63)
==703438== 
==703438== 208 bytes in 1 blocks are still reachable in loss record 36 of 85
==703438==    at 0x4848899: malloc (in /usr/libexec/valgrind/vgpreload_memcheck-amd64-linux.so)
==703438==    by 0x48FAAC0: __gconv_lookup_cache (gconv_cache.c:365)
==703438==    by 0x48F0B6E: __gconv_find_transform (gconv_db.c:732)
==703438==    by 0x4997D8B: __wcsmbs_getfct (wcsmbsload.c:91)
==703438==    by 0x4997D8B: __wcsmbs_load_conv (wcsmbsload.c:188)
==703438==    by 0x498B16E: get_gconv_fcts (wcsmbsload.h:73)
==703438==    by 0x498B16E: mbrtowc (mbrtowc.c:69)
==703438==    by 0x489A2D7: ??? (in /usr/lib/x86_64-linux-gnu/libreadline.so.8.1)
==703438==    by 0x489CCE1: rl_redisplay (in /usr/lib/x86_64-linux-gnu/libreadline.so.8.1)
==703438==    by 0x4888458: readline_internal_setup (in /usr/lib/x86_64-linux-gnu/libreadline.so.8.1)
==703438==    by 0x4892CF8: readline (in /usr/lib/x86_64-linux-gnu/libreadline.so.8.1)
==703438==    by 0x109578: main (main.c:63)
==703438== 
==703438== 256 bytes in 1 blocks are still reachable in loss record 37 of 85
==703438==    at 0x4848899: malloc (in /usr/libexec/valgrind/vgpreload_memcheck-amd64-linux.so)
==703438==    by 0x48AABAC: xmalloc (in /usr/lib/x86_64-linux-gnu/libreadline.so.8.1)
==703438==    by 0x4892C86: rl_initialize (in /usr/lib/x86_64-linux-gnu/libreadline.so.8.1)
==703438==    by 0x4892CD4: readline (in /usr/lib/x86_64-linux-gnu/libreadline.so.8.1)
==703438==    by 0x109578: main (main.c:63)
==703438== 
==703438== 608 bytes in 1 blocks are still reachable in loss record 38 of 85
==703438==    at 0x484DA83: calloc (in /usr/libexec/valgrind/vgpreload_memcheck-amd64-linux.so)
==703438==    by 0x4B0937E: _nc_read_termtype (in /usr/lib/x86_64-linux-gnu/libtinfo.so.6.3)
==703438==    by 0x4B0952A: ??? (in /usr/lib/x86_64-linux-gnu/libtinfo.so.6.3)
==703438==    by 0x4B0BC40: ??? (in /usr/lib/x86_64-linux-gnu/libtinfo.so.6.3)
==703438==    by 0x4B096BB: _nc_read_entry2 (in /usr/lib/x86_64-linux-gnu/libtinfo.so.6.3)
==703438==    by 0x4B09711: ??? (in /usr/lib/x86_64-linux-gnu/libtinfo.so.6.3)
==703438==    by 0x4B09866: _nc_setupterm (in /usr/lib/x86_64-linux-gnu/libtinfo.so.6.3)
==703438==    by 0x4B0A4C9: tgetent_sp (in /usr/lib/x86_64-linux-gnu/libtinfo.so.6.3)
==703438==    by 0x48A61CD: _rl_init_terminal_io (in /usr/lib/x86_64-linux-gnu/libreadline.so.8.1)
==703438==    by 0x4892A0F: rl_initialize (in /usr/lib/x86_64-linux-gnu/libreadline.so.8.1)
==703438==    by 0x4892CD4: readline (in /usr/lib/x86_64-linux-gnu/libreadline.so.8.1)
==703438==    by 0x109578: main (main.c:63)
==703438== 
==703438== 608 bytes in 1 blocks are still reachable in loss record 39 of 85
==703438==    at 0x4848899: malloc (in /usr/libexec/valgrind/vgpreload_memcheck-amd64-linux.so)
==703438==    by 0x4AFE119: ??? (in /usr/lib/x86_64-linux-gnu/libtinfo.so.6.3)
==703438==    by 0x4B0987D: _nc_setupterm (in /usr/lib/x86_64-linux-gnu/libtinfo.so.6.3)
==703438==    by 0x4B0A4C9: tgetent_sp (in /usr/lib/x86_64-linux-gnu/libtinfo.so.6.3)
==703438==    by 0x48A61CD: _rl_init_terminal_io (in /usr/lib/x86_64-linux-gnu/libreadline.so.8.1)
==703438==    by 0x4892A0F: rl_initialize (in /usr/lib/x86_64-linux-gnu/libreadline.so.8.1)
==703438==    by 0x4892CD4: readline (in /usr/lib/x86_64-linux-gnu/libreadline.so.8.1)
==703438==    by 0x109578: main (main.c:63)
==703438== 
==703438== 624 bytes in 1 blocks are still reachable in loss record 40 of 85
==703438==    at 0x4848899: malloc (in /usr/libexec/valgrind/vgpreload_memcheck-amd64-linux.so)
==703438==    by 0x10D9C4: build_env (env.c:87)
==703438==    by 0x1095C6: main (main.c:75)
==703438== 
==703438== 640 bytes in 1 blocks are still reachable in loss record 41 of 85
==703438==    at 0x484DCD3: realloc (in /usr/libexec/valgrind/vgpreload_memcheck-amd64-linux.so)
==703438==    by 0x4909E7B: __add_to_environ (setenv.c:156)
==703438==    by 0x48543FF: setenv (in /usr/libexec/valgrind/vgpreload_memcheck-amd64-linux.so)
==703438==    by 0x48A4AF7: _rl_get_screen_size (in /usr/lib/x86_64-linux-gnu/libreadline.so.8.1)
==703438==    by 0x4897AB8: ??? (in /usr/lib/x86_64-linux-gnu/libreadline.so.8.1)
==703438==    by 0x4897E0D: rl_expand_prompt (in /usr/lib/x86_64-linux-gnu/libreadline.so.8.1)
==703438==    by 0x48871BF: rl_set_prompt (in /usr/lib/x86_64-linux-gnu/libreadline.so.8.1)
==703438==    by 0x4892CCF: readline (in /usr/lib/x86_64-linux-gnu/libreadline.so.8.1)
==703438==    by 0x109578: main (main.c:63)
==703438== 
==703438== 760 bytes in 1 blocks are still reachable in loss record 42 of 85
==703438==    at 0x484DA83: calloc (in /usr/libexec/valgrind/vgpreload_memcheck-amd64-linux.so)
==703438==    by 0x4B09819: _nc_setupterm (in /usr/lib/x86_64-linux-gnu/libtinfo.so.6.3)
==703438==    by 0x4B0A4C9: tgetent_sp (in /usr/lib/x86_64-linux-gnu/libtinfo.so.6.3)
==703438==    by 0x48A61CD: _rl_init_terminal_io (in /usr/lib/x86_64-linux-gnu/libreadline.so.8.1)
==703438==    by 0x4892A0F: rl_initialize (in /usr/lib/x86_64-linux-gnu/libreadline.so.8.1)
==703438==    by 0x4892CD4: readline (in /usr/lib/x86_64-linux-gnu/libreadline.so.8.1)
==703438==    by 0x109578: main (main.c:63)
==703438== 
==703438== 940 bytes in 1 blocks are still reachable in loss record 43 of 85
==703438==    at 0x4848899: malloc (in /usr/libexec/valgrind/vgpreload_memcheck-amd64-linux.so)
==703438==    by 0x4B09287: _nc_read_termtype (in /usr/lib/x86_64-linux-gnu/libtinfo.so.6.3)
==703438==    by 0x4B0952A: ??? (in /usr/lib/x86_64-linux-gnu/libtinfo.so.6.3)
==703438==    by 0x4B0BC40: ??? (in /usr/lib/x86_64-linux-gnu/libtinfo.so.6.3)
==703438==    by 0x4B096BB: _nc_read_entry2 (in /usr/lib/x86_64-linux-gnu/libtinfo.so.6.3)
==703438==    by 0x4B09711: ??? (in /usr/lib/x86_64-linux-gnu/libtinfo.so.6.3)
==703438==    by 0x4B09866: _nc_setupterm (in /usr/lib/x86_64-linux-gnu/libtinfo.so.6.3)
==703438==    by 0x4B0A4C9: tgetent_sp (in /usr/lib/x86_64-linux-gnu/libtinfo.so.6.3)
==703438==    by 0x48A61CD: _rl_init_terminal_io (in /usr/lib/x86_64-linux-gnu/libreadline.so.8.1)
==703438==    by 0x4892A0F: rl_initialize (in /usr/lib/x86_64-linux-gnu/libreadline.so.8.1)
==703438==    by 0x4892CD4: readline (in /usr/lib/x86_64-linux-gnu/libreadline.so.8.1)
==703438==    by 0x109578: main (main.c:63)
==703438== 
==703438== 1,024 bytes in 1 blocks are still reachable in loss record 44 of 85
==703438==    at 0x4848899: malloc (in /usr/libexec/valgrind/vgpreload_memcheck-amd64-linux.so)
==703438==    by 0x4943BA3: _IO_file_doallocate (filedoalloc.c:101)
==703438==    by 0x4952CDF: _IO_doallocbuf (genops.c:347)
==703438==    by 0x4951F5F: _IO_file_overflow@@GLIBC_2.2.5 (fileops.c:744)
==703438==    by 0x49506D4: _IO_new_file_xsputn (fileops.c:1243)
==703438==    by 0x49506D4: _IO_file_xsputn@@GLIBC_2.2.5 (fileops.c:1196)
==703438==    by 0x4945F1B: puts (ioputs.c:40)
==703438==    by 0x109569: main (main.c:60)
==703438== 
==703438== 1,024 bytes in 1 blocks are still reachable in loss record 45 of 85
==703438==    at 0x4848899: malloc (in /usr/libexec/valgrind/vgpreload_memcheck-amd64-linux.so)
==703438==    by 0x48AB4A7: xrealloc (in /usr/lib/x86_64-linux-gnu/libreadline.so.8.1)
==703438==    by 0x4894C7B: ??? (in /usr/lib/x86_64-linux-gnu/libreadline.so.8.1)
==703438==    by 0x4894D67: ??? (in /usr/lib/x86_64-linux-gnu/libreadline.so.8.1)
==703438==    by 0x489DC7E: rl_redisplay (in /usr/lib/x86_64-linux-gnu/libreadline.so.8.1)
==703438==    by 0x4888458: readline_internal_setup (in /usr/lib/x86_64-linux-gnu/libreadline.so.8.1)
==703438==    by 0x4892CF8: readline (in /usr/lib/x86_64-linux-gnu/libreadline.so.8.1)
==703438==    by 0x109578: main (main.c:63)
==703438== 
==703438== 1,024 bytes in 1 blocks are still reachable in loss record 46 of 85
==703438==    at 0x4848899: malloc (in /usr/libexec/valgrind/vgpreload_memcheck-amd64-linux.so)
==703438==    by 0x48AB4A7: xrealloc (in /usr/lib/x86_64-linux-gnu/libreadline.so.8.1)
==703438==    by 0x4894C8B: ??? (in /usr/lib/x86_64-linux-gnu/libreadline.so.8.1)
==703438==    by 0x4894D67: ??? (in /usr/lib/x86_64-linux-gnu/libreadline.so.8.1)
==703438==    by 0x489DC7E: rl_redisplay (in /usr/lib/x86_64-linux-gnu/libreadline.so.8.1)
==703438==    by 0x4888458: readline_internal_setup (in /usr/lib/x86_64-linux-gnu/libreadline.so.8.1)
==703438==    by 0x4892CF8: readline (in /usr/lib/x86_64-linux-gnu/libreadline.so.8.1)
==703438==    by 0x109578: main (main.c:63)
==703438== 
==703438== 1,024 bytes in 1 blocks are still reachable in loss record 47 of 85
==703438==    at 0x4848899: malloc (in /usr/libexec/valgrind/vgpreload_memcheck-amd64-linux.so)
==703438==    by 0x48AB4A7: xrealloc (in /usr/lib/x86_64-linux-gnu/libreadline.so.8.1)
==703438==    by 0x4894CA2: ??? (in /usr/lib/x86_64-linux-gnu/libreadline.so.8.1)
==703438==    by 0x4894D67: ??? (in /usr/lib/x86_64-linux-gnu/libreadline.so.8.1)
==703438==    by 0x489DC7E: rl_redisplay (in /usr/lib/x86_64-linux-gnu/libreadline.so.8.1)
==703438==    by 0x4888458: readline_internal_setup (in /usr/lib/x86_64-linux-gnu/libreadline.so.8.1)
==703438==    by 0x4892CF8: readline (in /usr/lib/x86_64-linux-gnu/libreadline.so.8.1)
==703438==    by 0x109578: main (main.c:63)
==703438== 
==703438== 1,024 bytes in 1 blocks are still reachable in loss record 48 of 85
==703438==    at 0x4848899: malloc (in /usr/libexec/valgrind/vgpreload_memcheck-amd64-linux.so)
==703438==    by 0x48AB4A7: xrealloc (in /usr/lib/x86_64-linux-gnu/libreadline.so.8.1)
==703438==    by 0x4894CBB: ??? (in /usr/lib/x86_64-linux-gnu/libreadline.so.8.1)
==703438==    by 0x4894D67: ??? (in /usr/lib/x86_64-linux-gnu/libreadline.so.8.1)
==703438==    by 0x489DC7E: rl_redisplay (in /usr/lib/x86_64-linux-gnu/libreadline.so.8.1)
==703438==    by 0x4888458: readline_internal_setup (in /usr/lib/x86_64-linux-gnu/libreadline.so.8.1)
==703438==    by 0x4892CF8: readline (in /usr/lib/x86_64-linux-gnu/libreadline.so.8.1)
==703438==    by 0x109578: main (main.c:63)
==703438== 
==703438== 1,024 bytes in 1 blocks are still reachable in loss record 49 of 85
==703438==    at 0x4848899: malloc (in /usr/libexec/valgrind/vgpreload_memcheck-amd64-linux.so)
==703438==    by 0x48AABAC: xmalloc (in /usr/lib/x86_64-linux-gnu/libreadline.so.8.1)
==703438==    by 0x4894DC5: ??? (in /usr/lib/x86_64-linux-gnu/libreadline.so.8.1)
==703438==    by 0x489DC7E: rl_redisplay (in /usr/lib/x86_64-linux-gnu/libreadline.so.8.1)
==703438==    by 0x4888458: readline_internal_setup (in /usr/lib/x86_64-linux-gnu/libreadline.so.8.1)
==703438==    by 0x4892CF8: readline (in /usr/lib/x86_64-linux-gnu/libreadline.so.8.1)
==703438==    by 0x109578: main (main.c:63)
==703438== 
==703438== 1,024 bytes in 1 blocks are still reachable in loss record 50 of 85
==703438==    at 0x4848899: malloc (in /usr/libexec/valgrind/vgpreload_memcheck-amd64-linux.so)
==703438==    by 0x48AABAC: xmalloc (in /usr/lib/x86_64-linux-gnu/libreadline.so.8.1)
==703438==    by 0x4894DDA: ??? (in /usr/lib/x86_64-linux-gnu/libreadline.so.8.1)
==703438==    by 0x489DC7E: rl_redisplay (in /usr/lib/x86_64-linux-gnu/libreadline.so.8.1)
==703438==    by 0x4888458: readline_internal_setup (in /usr/lib/x86_64-linux-gnu/libreadline.so.8.1)
==703438==    by 0x4892CF8: readline (in /usr/lib/x86_64-linux-gnu/libreadline.so.8.1)
==703438==    by 0x109578: main (main.c:63)
==703438== 
==703438== 1,024 bytes in 1 blocks are still reachable in loss record 51 of 85
==703438==    at 0x4848899: malloc (in /usr/libexec/valgrind/vgpreload_memcheck-amd64-linux.so)
==703438==    by 0x48AABAC: xmalloc (in /usr/lib/x86_64-linux-gnu/libreadline.so.8.1)
==703438==    by 0x4894DE8: ??? (in /usr/lib/x86_64-linux-gnu/libreadline.so.8.1)
==703438==    by 0x489DC7E: rl_redisplay (in /usr/lib/x86_64-linux-gnu/libreadline.so.8.1)
==703438==    by 0x4888458: readline_internal_setup (in /usr/lib/x86_64-linux-gnu/libreadline.so.8.1)
==703438==    by 0x4892CF8: readline (in /usr/lib/x86_64-linux-gnu/libreadline.so.8.1)
==703438==    by 0x109578: main (main.c:63)
==703438== 
==703438== 1,024 bytes in 1 blocks are still reachable in loss record 52 of 85
==703438==    at 0x4848899: malloc (in /usr/libexec/valgrind/vgpreload_memcheck-amd64-linux.so)
==703438==    by 0x48AABAC: xmalloc (in /usr/lib/x86_64-linux-gnu/libreadline.so.8.1)
==703438==    by 0x4894DF6: ??? (in /usr/lib/x86_64-linux-gnu/libreadline.so.8.1)
==703438==    by 0x489DC7E: rl_redisplay (in /usr/lib/x86_64-linux-gnu/libreadline.so.8.1)
==703438==    by 0x4888458: readline_internal_setup (in /usr/lib/x86_64-linux-gnu/libreadline.so.8.1)
==703438==    by 0x4892CF8: readline (in /usr/lib/x86_64-linux-gnu/libreadline.so.8.1)
==703438==    by 0x109578: main (main.c:63)
==703438== 
==703438== 1,081 bytes in 76 blocks are still reachable in loss record 53 of 85
==703438==    at 0x4848899: malloc (in /usr/libexec/valgrind/vgpreload_memcheck-amd64-linux.so)
==703438==    by 0x10F8AB: ft_calloc (in /home/armitite/Cursus/MinishellFaireCmdEspace/Minishell/minishell)
==703438==    by 0x10EED7: ft_substr (in /home/armitite/Cursus/MinishellFaireCmdEspace/Minishell/minishell)
==703438==    by 0x10D905: append_list (env.c:59)
==703438==    by 0x10DBAF: make_envlist (env.c:134)
==703438==    by 0x109549: main (main.c:58)
==703438== 
==703438== 1,536 bytes in 1 blocks are still reachable in loss record 54 of 85
==703438==    at 0x484DCD3: realloc (in /usr/libexec/valgrind/vgpreload_memcheck-amd64-linux.so)
==703438==    by 0x48AB491: xrealloc (in /usr/lib/x86_64-linux-gnu/libreadline.so.8.1)
==703438==    by 0x4888877: rl_add_funmap_entry (in /usr/lib/x86_64-linux-gnu/libreadline.so.8.1)
==703438==    by 0x48888C8: rl_initialize_funmap (in /usr/lib/x86_64-linux-gnu/libreadline.so.8.1)
==703438==    by 0x4892A2C: rl_initialize (in /usr/lib/x86_64-linux-gnu/libreadline.so.8.1)
==703438==    by 0x4892CD4: readline (in /usr/lib/x86_64-linux-gnu/libreadline.so.8.1)
==703438==    by 0x109578: main (main.c:63)
==703438== 
==703438== 1,664 bytes in 1 blocks are still reachable in loss record 55 of 85
==703438==    at 0x4848899: malloc (in /usr/libexec/valgrind/vgpreload_memcheck-amd64-linux.so)
==703438==    by 0x4B08ACD: _nc_read_termtype (in /usr/lib/x86_64-linux-gnu/libtinfo.so.6.3)
==703438==    by 0x4B0952A: ??? (in /usr/lib/x86_64-linux-gnu/libtinfo.so.6.3)
==703438==    by 0x4B0BC40: ??? (in /usr/lib/x86_64-linux-gnu/libtinfo.so.6.3)
==703438==    by 0x4B096BB: _nc_read_entry2 (in /usr/lib/x86_64-linux-gnu/libtinfo.so.6.3)
==703438==    by 0x4B09711: ??? (in /usr/lib/x86_64-linux-gnu/libtinfo.so.6.3)
==703438==    by 0x4B09866: _nc_setupterm (in /usr/lib/x86_64-linux-gnu/libtinfo.so.6.3)
==703438==    by 0x4B0A4C9: tgetent_sp (in /usr/lib/x86_64-linux-gnu/libtinfo.so.6.3)
==703438==    by 0x48A61CD: _rl_init_terminal_io (in /usr/lib/x86_64-linux-gnu/libreadline.so.8.1)
==703438==    by 0x4892A0F: rl_initialize (in /usr/lib/x86_64-linux-gnu/libreadline.so.8.1)
==703438==    by 0x4892CD4: readline (in /usr/lib/x86_64-linux-gnu/libreadline.so.8.1)
==703438==    by 0x109578: main (main.c:63)
==703438== 
==703438== 2,032 bytes in 1 blocks are still reachable in loss record 56 of 85
==703438==    at 0x4848899: malloc (in /usr/libexec/valgrind/vgpreload_memcheck-amd64-linux.so)
==703438==    by 0x48AABAC: xmalloc (in /usr/lib/x86_64-linux-gnu/libreadline.so.8.1)
==703438==    by 0x48A6419: _rl_init_terminal_io (in /usr/lib/x86_64-linux-gnu/libreadline.so.8.1)
==703438==    by 0x4892A0F: rl_initialize (in /usr/lib/x86_64-linux-gnu/libreadline.so.8.1)
==703438==    by 0x4892CD4: readline (in /usr/lib/x86_64-linux-gnu/libreadline.so.8.1)
==703438==    by 0x109578: main (main.c:63)
==703438== 
==703438== 2,240 bytes in 140 blocks are still reachable in loss record 57 of 85
==703438==    at 0x4848899: malloc (in /usr/libexec/valgrind/vgpreload_memcheck-amd64-linux.so)
==703438==    by 0x48AABAC: xmalloc (in /usr/lib/x86_64-linux-gnu/libreadline.so.8.1)
==703438==    by 0x4888822: rl_add_funmap_entry (in /usr/lib/x86_64-linux-gnu/libreadline.so.8.1)
==703438==    by 0x48888C8: rl_initialize_funmap (in /usr/lib/x86_64-linux-gnu/libreadline.so.8.1)
==703438==    by 0x4892A2C: rl_initialize (in /usr/lib/x86_64-linux-gnu/libreadline.so.8.1)
==703438==    by 0x4892CD4: readline (in /usr/lib/x86_64-linux-gnu/libreadline.so.8.1)
==703438==    by 0x109578: main (main.c:63)
==703438== 
==703438== 2,432 bytes in 76 blocks are still reachable in loss record 58 of 85
==703438==    at 0x4848899: malloc (in /usr/libexec/valgrind/vgpreload_memcheck-amd64-linux.so)
==703438==    by 0x10D898: append_list (env.c:50)
==703438==    by 0x10DBAF: make_envlist (env.c:134)
==703438==    by 0x109549: main (main.c:58)
==703438== 
==703438== 3,160 bytes in 75 blocks are still reachable in loss record 59 of 85
==703438==    at 0x4848899: malloc (in /usr/libexec/valgrind/vgpreload_memcheck-amd64-linux.so)
==703438==    by 0x10F8AB: ft_calloc (in /home/armitite/Cursus/MinishellFaireCmdEspace/Minishell/minishell)
==703438==    by 0x10EED7: ft_substr (in /home/armitite/Cursus/MinishellFaireCmdEspace/Minishell/minishell)
==703438==    by 0x10D928: append_list (env.c:60)
==703438==    by 0x10DBAF: make_envlist (env.c:134)
==703438==    by 0x109549: main (main.c:58)
==703438== 
==703438== 3,728 bytes in 12 blocks are still reachable in loss record 60 of 85
==703438==    at 0x4848899: malloc (in /usr/libexec/valgrind/vgpreload_memcheck-amd64-linux.so)
==703438==    by 0x48FC96E: _nl_intern_locale_data (loadlocale.c:97)
==703438==    by 0x48FD370: _nl_load_locale_from_archive (loadarchive.c:477)
==703438==    by 0x48FC0DF: _nl_find_locale (findlocale.c:152)
==703438==    by 0x48FBA90: setlocale (setlocale.c:414)
==703438==    by 0x48FBA90: setlocale (setlocale.c:217)
==703438==    by 0x48A4C45: _rl_init_locale (in /usr/lib/x86_64-linux-gnu/libreadline.so.8.1)
==703438==    by 0x48A4D2C: _rl_init_eightbit (in /usr/lib/x86_64-linux-gnu/libreadline.so.8.1)
==703438==    by 0x4892A31: rl_initialize (in /usr/lib/x86_64-linux-gnu/libreadline.so.8.1)
==703438==    by 0x4892CD4: readline (in /usr/lib/x86_64-linux-gnu/libreadline.so.8.1)
==703438==    by 0x109578: main (main.c:63)
==703438== 
==703438== 3,904 bytes in 1 blocks are still reachable in loss record 61 of 85
==703438==    at 0x484DCD3: realloc (in /usr/libexec/valgrind/vgpreload_memcheck-amd64-linux.so)
==703438==    by 0x4AFE6CC: _nc_doalloc (in /usr/lib/x86_64-linux-gnu/libtinfo.so.6.3)
==703438==    by 0x4B091B5: _nc_read_termtype (in /usr/lib/x86_64-linux-gnu/libtinfo.so.6.3)
==703438==    by 0x4B0952A: ??? (in /usr/lib/x86_64-linux-gnu/libtinfo.so.6.3)
==703438==    by 0x4B0BC40: ??? (in /usr/lib/x86_64-linux-gnu/libtinfo.so.6.3)
==703438==    by 0x4B096BB: _nc_read_entry2 (in /usr/lib/x86_64-linux-gnu/libtinfo.so.6.3)
==703438==    by 0x4B09711: ??? (in /usr/lib/x86_64-linux-gnu/libtinfo.so.6.3)
==703438==    by 0x4B09866: _nc_setupterm (in /usr/lib/x86_64-linux-gnu/libtinfo.so.6.3)
==703438==    by 0x4B0A4C9: tgetent_sp (in /usr/lib/x86_64-linux-gnu/libtinfo.so.6.3)
==703438==    by 0x48A61CD: _rl_init_terminal_io (in /usr/lib/x86_64-linux-gnu/libreadline.so.8.1)
==703438==    by 0x4892A0F: rl_initialize (in /usr/lib/x86_64-linux-gnu/libreadline.so.8.1)
==703438==    by 0x4892CD4: readline (in /usr/lib/x86_64-linux-gnu/libreadline.so.8.1)
==703438== 
==703438== 3,904 bytes in 1 blocks are still reachable in loss record 62 of 85
==703438==    at 0x4848899: malloc (in /usr/libexec/valgrind/vgpreload_memcheck-amd64-linux.so)
==703438==    by 0x4AFDFFF: ??? (in /usr/lib/x86_64-linux-gnu/libtinfo.so.6.3)
==703438==    by 0x4B0987D: _nc_setupterm (in /usr/lib/x86_64-linux-gnu/libtinfo.so.6.3)
==703438==    by 0x4B0A4C9: tgetent_sp (in /usr/lib/x86_64-linux-gnu/libtinfo.so.6.3)
==703438==    by 0x48A61CD: _rl_init_terminal_io (in /usr/lib/x86_64-linux-gnu/libreadline.so.8.1)
==703438==    by 0x4892A0F: rl_initialize (in /usr/lib/x86_64-linux-gnu/libreadline.so.8.1)
==703438==    by 0x4892CD4: readline (in /usr/lib/x86_64-linux-gnu/libreadline.so.8.1)
==703438==    by 0x109578: main (main.c:63)
==703438== 
==703438== 4,080 bytes in 1 blocks are still reachable in loss record 63 of 85
==703438==    at 0x4848899: malloc (in /usr/libexec/valgrind/vgpreload_memcheck-amd64-linux.so)
==703438==    by 0x48AABAC: xmalloc (in /usr/lib/x86_64-linux-gnu/libreadline.so.8.1)
==703438==    by 0x48A63F9: _rl_init_terminal_io (in /usr/lib/x86_64-linux-gnu/libreadline.so.8.1)
==703438==    by 0x4892A0F: rl_initialize (in /usr/lib/x86_64-linux-gnu/libreadline.so.8.1)
==703438==    by 0x4892CD4: readline (in /usr/lib/x86_64-linux-gnu/libreadline.so.8.1)
==703438==    by 0x109578: main (main.c:63)
==703438== 
==703438== 4,112 bytes in 1 blocks are still reachable in loss record 64 of 85
==703438==    at 0x4848899: malloc (in /usr/libexec/valgrind/vgpreload_memcheck-amd64-linux.so)
==703438==    by 0x48AABAC: xmalloc (in /usr/lib/x86_64-linux-gnu/libreadline.so.8.1)
==703438==    by 0x4887251: rl_make_bare_keymap (in /usr/lib/x86_64-linux-gnu/libreadline.so.8.1)
==703438==    by 0x4887B6A: rl_generic_bind (in /usr/lib/x86_64-linux-gnu/libreadline.so.8.1)
==703438==    by 0x489275D: rl_bind_keyseq_if_unbound_in_map (in /usr/lib/x86_64-linux-gnu/libreadline.so.8.1)
==703438==    by 0x48A5DD5: ??? (in /usr/lib/x86_64-linux-gnu/libreadline.so.8.1)
==703438==    by 0x48A631F: _rl_init_terminal_io (in /usr/lib/x86_64-linux-gnu/libreadline.so.8.1)
==703438==    by 0x4892A0F: rl_initialize (in /usr/lib/x86_64-linux-gnu/libreadline.so.8.1)
==703438==    by 0x4892CD4: readline (in /usr/lib/x86_64-linux-gnu/libreadline.so.8.1)
==703438==    by 0x109578: main (main.c:63)
==703438== 
==703438== 4,112 bytes in 1 blocks are still reachable in loss record 65 of 85
==703438==    at 0x4848899: malloc (in /usr/libexec/valgrind/vgpreload_memcheck-amd64-linux.so)
==703438==    by 0x48AABAC: xmalloc (in /usr/lib/x86_64-linux-gnu/libreadline.so.8.1)
==703438==    by 0x4887251: rl_make_bare_keymap (in /usr/lib/x86_64-linux-gnu/libreadline.so.8.1)
==703438==    by 0x4887B6A: rl_generic_bind (in /usr/lib/x86_64-linux-gnu/libreadline.so.8.1)
==703438==    by 0x489275D: rl_bind_keyseq_if_unbound_in_map (in /usr/lib/x86_64-linux-gnu/libreadline.so.8.1)
==703438==    by 0x48A5E5A: ??? (in /usr/lib/x86_64-linux-gnu/libreadline.so.8.1)
==703438==    by 0x48A631F: _rl_init_terminal_io (in /usr/lib/x86_64-linux-gnu/libreadline.so.8.1)
==703438==    by 0x4892A0F: rl_initialize (in /usr/lib/x86_64-linux-gnu/libreadline.so.8.1)
==703438==    by 0x4892CD4: readline (in /usr/lib/x86_64-linux-gnu/libreadline.so.8.1)
==703438==    by 0x109578: main (main.c:63)
==703438== 
==703438== 4,112 bytes in 1 blocks are still reachable in loss record 66 of 85
==703438==    at 0x4848899: malloc (in /usr/libexec/valgrind/vgpreload_memcheck-amd64-linux.so)
==703438==    by 0x48AABAC: xmalloc (in /usr/lib/x86_64-linux-gnu/libreadline.so.8.1)
==703438==    by 0x4887251: rl_make_bare_keymap (in /usr/lib/x86_64-linux-gnu/libreadline.so.8.1)
==703438==    by 0x4887B6A: rl_generic_bind (in /usr/lib/x86_64-linux-gnu/libreadline.so.8.1)
==703438==    by 0x489275D: rl_bind_keyseq_if_unbound_in_map (in /usr/lib/x86_64-linux-gnu/libreadline.so.8.1)
==703438==    by 0x48A5E5A: ??? (in /usr/lib/x86_64-linux-gnu/libreadline.so.8.1)
==703438==    by 0x48A632B: _rl_init_terminal_io (in /usr/lib/x86_64-linux-gnu/libreadline.so.8.1)
==703438==    by 0x4892A0F: rl_initialize (in /usr/lib/x86_64-linux-gnu/libreadline.so.8.1)
==703438==    by 0x4892CD4: readline (in /usr/lib/x86_64-linux-gnu/libreadline.so.8.1)
==703438==    by 0x109578: main (main.c:63)
==703438== 
==703438== 4,112 bytes in 1 blocks are still reachable in loss record 67 of 85
==703438==    at 0x4848899: malloc (in /usr/libexec/valgrind/vgpreload_memcheck-amd64-linux.so)
==703438==    by 0x48AABAC: xmalloc (in /usr/lib/x86_64-linux-gnu/libreadline.so.8.1)
==703438==    by 0x4887251: rl_make_bare_keymap (in /usr/lib/x86_64-linux-gnu/libreadline.so.8.1)
==703438==    by 0x4887B6A: rl_generic_bind (in /usr/lib/x86_64-linux-gnu/libreadline.so.8.1)
==703438==    by 0x489275D: rl_bind_keyseq_if_unbound_in_map (in /usr/lib/x86_64-linux-gnu/libreadline.so.8.1)
==703438==    by 0x48A5E5A: ??? (in /usr/lib/x86_64-linux-gnu/libreadline.so.8.1)
==703438==    by 0x48A6337: _rl_init_terminal_io (in /usr/lib/x86_64-linux-gnu/libreadline.so.8.1)
==703438==    by 0x4892A0F: rl_initialize (in /usr/lib/x86_64-linux-gnu/libreadline.so.8.1)
==703438==    by 0x4892CD4: readline (in /usr/lib/x86_64-linux-gnu/libreadline.so.8.1)
==703438==    by 0x109578: main (main.c:63)
==703438== 
==703438== 4,112 bytes in 1 blocks are still reachable in loss record 68 of 85
==703438==    at 0x4848899: malloc (in /usr/libexec/valgrind/vgpreload_memcheck-amd64-linux.so)
==703438==    by 0x48AABAC: xmalloc (in /usr/lib/x86_64-linux-gnu/libreadline.so.8.1)
==703438==    by 0x4887251: rl_make_bare_keymap (in /usr/lib/x86_64-linux-gnu/libreadline.so.8.1)
==703438==    by 0x4887B6A: rl_generic_bind (in /usr/lib/x86_64-linux-gnu/libreadline.so.8.1)
==703438==    by 0x489275D: rl_bind_keyseq_if_unbound_in_map (in /usr/lib/x86_64-linux-gnu/libreadline.so.8.1)
==703438==    by 0x489294C: ??? (in /usr/lib/x86_64-linux-gnu/libreadline.so.8.1)
==703438==    by 0x4892A84: rl_initialize (in /usr/lib/x86_64-linux-gnu/libreadline.so.8.1)
==703438==    by 0x4892CD4: readline (in /usr/lib/x86_64-linux-gnu/libreadline.so.8.1)
==703438==    by 0x109578: main (main.c:63)
==703438== 
==703438== 4,112 bytes in 1 blocks are still reachable in loss record 69 of 85
==703438==    at 0x4848899: malloc (in /usr/libexec/valgrind/vgpreload_memcheck-amd64-linux.so)
==703438==    by 0x48AABAC: xmalloc (in /usr/lib/x86_64-linux-gnu/libreadline.so.8.1)
==703438==    by 0x4887251: rl_make_bare_keymap (in /usr/lib/x86_64-linux-gnu/libreadline.so.8.1)
==703438==    by 0x4887B6A: rl_generic_bind (in /usr/lib/x86_64-linux-gnu/libreadline.so.8.1)
==703438==    by 0x489275D: rl_bind_keyseq_if_unbound_in_map (in /usr/lib/x86_64-linux-gnu/libreadline.so.8.1)
==703438==    by 0x489294C: ??? (in /usr/lib/x86_64-linux-gnu/libreadline.so.8.1)
==703438==    by 0x4892A93: rl_initialize (in /usr/lib/x86_64-linux-gnu/libreadline.so.8.1)
==703438==    by 0x4892CD4: readline (in /usr/lib/x86_64-linux-gnu/libreadline.so.8.1)
==703438==    by 0x109578: main (main.c:63)
==703438== 
==703438== 4,112 bytes in 1 blocks are still reachable in loss record 70 of 85
==703438==    at 0x4848899: malloc (in /usr/libexec/valgrind/vgpreload_memcheck-amd64-linux.so)
==703438==    by 0x48AABAC: xmalloc (in /usr/lib/x86_64-linux-gnu/libreadline.so.8.1)
==703438==    by 0x4887251: rl_make_bare_keymap (in /usr/lib/x86_64-linux-gnu/libreadline.so.8.1)
==703438==    by 0x4887B6A: rl_generic_bind (in /usr/lib/x86_64-linux-gnu/libreadline.so.8.1)
==703438==    by 0x489275D: rl_bind_keyseq_if_unbound_in_map (in /usr/lib/x86_64-linux-gnu/libreadline.so.8.1)
==703438==    by 0x489294C: ??? (in /usr/lib/x86_64-linux-gnu/libreadline.so.8.1)
==703438==    by 0x4892AB8: rl_initialize (in /usr/lib/x86_64-linux-gnu/libreadline.so.8.1)
==703438==    by 0x4892CD4: readline (in /usr/lib/x86_64-linux-gnu/libreadline.so.8.1)
==703438==    by 0x109578: main (main.c:63)
==703438== 
==703438== 4,251 bytes in 77 blocks are still reachable in loss record 71 of 85
==703438==    at 0x4848899: malloc (in /usr/libexec/valgrind/vgpreload_memcheck-amd64-linux.so)
==703438==    by 0x10EF8A: ft_strjoin (in /home/armitite/Cursus/MinishellFaireCmdEspace/Minishell/minishell)
==703438==    by 0x10DA4B: build_env (env.c:97)
==703438==    by 0x1095C6: main (main.c:75)
==703438== 
==703438== 7,952 bytes in 1 blocks are still reachable in loss record 72 of 85
==703438==    at 0x484DA83: calloc (in /usr/libexec/valgrind/vgpreload_memcheck-amd64-linux.so)
==703438==    by 0x4AFCC97: ??? (in /usr/lib/x86_64-linux-gnu/libtinfo.so.6.3)
==703438==    by 0x4AFE3AF: _nc_find_type_entry (in /usr/lib/x86_64-linux-gnu/libtinfo.so.6.3)
==703438==    by 0x4B00E4C: tgetstr_sp (in /usr/lib/x86_64-linux-gnu/libtinfo.so.6.3)
==703438==    by 0x48A621A: _rl_init_terminal_io (in /usr/lib/x86_64-linux-gnu/libreadline.so.8.1)
==703438==    by 0x4892A0F: rl_initialize (in /usr/lib/x86_64-linux-gnu/libreadline.so.8.1)
==703438==    by 0x4892CD4: readline (in /usr/lib/x86_64-linux-gnu/libreadline.so.8.1)
==703438==    by 0x109578: main (main.c:63)
==703438== 
==703438== 8,224 bytes in 2 blocks are still reachable in loss record 73 of 85
==703438==    at 0x4848899: malloc (in /usr/libexec/valgrind/vgpreload_memcheck-amd64-linux.so)
==703438==    by 0x48AABAC: xmalloc (in /usr/lib/x86_64-linux-gnu/libreadline.so.8.1)
==703438==    by 0x4887251: rl_make_bare_keymap (in /usr/lib/x86_64-linux-gnu/libreadline.so.8.1)
==703438==    by 0x4887B6A: rl_generic_bind (in /usr/lib/x86_64-linux-gnu/libreadline.so.8.1)
==703438==    by 0x489275D: rl_bind_keyseq_if_unbound_in_map (in /usr/lib/x86_64-linux-gnu/libreadline.so.8.1)
==703438==    by 0x48A5E47: ??? (in /usr/lib/x86_64-linux-gnu/libreadline.so.8.1)
==703438==    by 0x48A631F: _rl_init_terminal_io (in /usr/lib/x86_64-linux-gnu/libreadline.so.8.1)
==703438==    by 0x4892A0F: rl_initialize (in /usr/lib/x86_64-linux-gnu/libreadline.so.8.1)
==703438==    by 0x4892CD4: readline (in /usr/lib/x86_64-linux-gnu/libreadline.so.8.1)
==703438==    by 0x109578: main (main.c:63)
==703438== 
==703438== 8,224 bytes in 2 blocks are still reachable in loss record 74 of 85
==703438==    at 0x4848899: malloc (in /usr/libexec/valgrind/vgpreload_memcheck-amd64-linux.so)
==703438==    by 0x48AABAC: xmalloc (in /usr/lib/x86_64-linux-gnu/libreadline.so.8.1)
==703438==    by 0x4887251: rl_make_bare_keymap (in /usr/lib/x86_64-linux-gnu/libreadline.so.8.1)
==703438==    by 0x4887B6A: rl_generic_bind (in /usr/lib/x86_64-linux-gnu/libreadline.so.8.1)
==703438==    by 0x489275D: rl_bind_keyseq_if_unbound_in_map (in /usr/lib/x86_64-linux-gnu/libreadline.so.8.1)
==703438==    by 0x48A5DD5: ??? (in /usr/lib/x86_64-linux-gnu/libreadline.so.8.1)
==703438==    by 0x48A632B: _rl_init_terminal_io (in /usr/lib/x86_64-linux-gnu/libreadline.so.8.1)
==703438==    by 0x4892A0F: rl_initialize (in /usr/lib/x86_64-linux-gnu/libreadline.so.8.1)
==703438==    by 0x4892CD4: readline (in /usr/lib/x86_64-linux-gnu/libreadline.so.8.1)
==703438==    by 0x109578: main (main.c:63)
==703438== 
==703438== 8,224 bytes in 2 blocks are still reachable in loss record 75 of 85
==703438==    at 0x4848899: malloc (in /usr/libexec/valgrind/vgpreload_memcheck-amd64-linux.so)
==703438==    by 0x48AABAC: xmalloc (in /usr/lib/x86_64-linux-gnu/libreadline.so.8.1)
==703438==    by 0x4887251: rl_make_bare_keymap (in /usr/lib/x86_64-linux-gnu/libreadline.so.8.1)
==703438==    by 0x4887B6A: rl_generic_bind (in /usr/lib/x86_64-linux-gnu/libreadline.so.8.1)
==703438==    by 0x489275D: rl_bind_keyseq_if_unbound_in_map (in /usr/lib/x86_64-linux-gnu/libreadline.so.8.1)
==703438==    by 0x48A5E47: ??? (in /usr/lib/x86_64-linux-gnu/libreadline.so.8.1)
==703438==    by 0x48A632B: _rl_init_terminal_io (in /usr/lib/x86_64-linux-gnu/libreadline.so.8.1)
==703438==    by 0x4892A0F: rl_initialize (in /usr/lib/x86_64-linux-gnu/libreadline.so.8.1)
==703438==    by 0x4892CD4: readline (in /usr/lib/x86_64-linux-gnu/libreadline.so.8.1)
==703438==    by 0x109578: main (main.c:63)
==703438== 
==703438== 8,224 bytes in 2 blocks are still reachable in loss record 76 of 85
==703438==    at 0x4848899: malloc (in /usr/libexec/valgrind/vgpreload_memcheck-amd64-linux.so)
==703438==    by 0x48AABAC: xmalloc (in /usr/lib/x86_64-linux-gnu/libreadline.so.8.1)
==703438==    by 0x4887251: rl_make_bare_keymap (in /usr/lib/x86_64-linux-gnu/libreadline.so.8.1)
==703438==    by 0x4887B6A: rl_generic_bind (in /usr/lib/x86_64-linux-gnu/libreadline.so.8.1)
==703438==    by 0x489275D: rl_bind_keyseq_if_unbound_in_map (in /usr/lib/x86_64-linux-gnu/libreadline.so.8.1)
==703438==    by 0x48A5DD5: ??? (in /usr/lib/x86_64-linux-gnu/libreadline.so.8.1)
==703438==    by 0x48A6337: _rl_init_terminal_io (in /usr/lib/x86_64-linux-gnu/libreadline.so.8.1)
==703438==    by 0x4892A0F: rl_initialize (in /usr/lib/x86_64-linux-gnu/libreadline.so.8.1)
==703438==    by 0x4892CD4: readline (in /usr/lib/x86_64-linux-gnu/libreadline.so.8.1)
==703438==    by 0x109578: main (main.c:63)
==703438== 
==703438== 8,224 bytes in 2 blocks are still reachable in loss record 77 of 85
==703438==    at 0x4848899: malloc (in /usr/libexec/valgrind/vgpreload_memcheck-amd64-linux.so)
==703438==    by 0x48AABAC: xmalloc (in /usr/lib/x86_64-linux-gnu/libreadline.so.8.1)
==703438==    by 0x4887251: rl_make_bare_keymap (in /usr/lib/x86_64-linux-gnu/libreadline.so.8.1)
==703438==    by 0x4887B6A: rl_generic_bind (in /usr/lib/x86_64-linux-gnu/libreadline.so.8.1)
==703438==    by 0x489275D: rl_bind_keyseq_if_unbound_in_map (in /usr/lib/x86_64-linux-gnu/libreadline.so.8.1)
==703438==    by 0x48A5E47: ??? (in /usr/lib/x86_64-linux-gnu/libreadline.so.8.1)
==703438==    by 0x48A6337: _rl_init_terminal_io (in /usr/lib/x86_64-linux-gnu/libreadline.so.8.1)
==703438==    by 0x4892A0F: rl_initialize (in /usr/lib/x86_64-linux-gnu/libreadline.so.8.1)
==703438==    by 0x4892CD4: readline (in /usr/lib/x86_64-linux-gnu/libreadline.so.8.1)
==703438==    by 0x109578: main (main.c:63)
==703438== 
==703438== 8,224 bytes in 2 blocks are still reachable in loss record 78 of 85
==703438==    at 0x4848899: malloc (in /usr/libexec/valgrind/vgpreload_memcheck-amd64-linux.so)
==703438==    by 0x48AABAC: xmalloc (in /usr/lib/x86_64-linux-gnu/libreadline.so.8.1)
==703438==    by 0x4887251: rl_make_bare_keymap (in /usr/lib/x86_64-linux-gnu/libreadline.so.8.1)
==703438==    by 0x4887B6A: rl_generic_bind (in /usr/lib/x86_64-linux-gnu/libreadline.so.8.1)
==703438==    by 0x489275D: rl_bind_keyseq_if_unbound_in_map (in /usr/lib/x86_64-linux-gnu/libreadline.so.8.1)
==703438==    by 0x489293D: ??? (in /usr/lib/x86_64-linux-gnu/libreadline.so.8.1)
==703438==    by 0x4892A84: rl_initialize (in /usr/lib/x86_64-linux-gnu/libreadline.so.8.1)
==703438==    by 0x4892CD4: readline (in /usr/lib/x86_64-linux-gnu/libreadline.so.8.1)
==703438==    by 0x109578: main (main.c:63)
==703438== 
==703438== 8,224 bytes in 2 blocks are still reachable in loss record 79 of 85
==703438==    at 0x4848899: malloc (in /usr/libexec/valgrind/vgpreload_memcheck-amd64-linux.so)
==703438==    by 0x48AABAC: xmalloc (in /usr/lib/x86_64-linux-gnu/libreadline.so.8.1)
==703438==    by 0x4887251: rl_make_bare_keymap (in /usr/lib/x86_64-linux-gnu/libreadline.so.8.1)
==703438==    by 0x4887B6A: rl_generic_bind (in /usr/lib/x86_64-linux-gnu/libreadline.so.8.1)
==703438==    by 0x489275D: rl_bind_keyseq_if_unbound_in_map (in /usr/lib/x86_64-linux-gnu/libreadline.so.8.1)
==703438==    by 0x489293D: ??? (in /usr/lib/x86_64-linux-gnu/libreadline.so.8.1)
==703438==    by 0x4892A93: rl_initialize (in /usr/lib/x86_64-linux-gnu/libreadline.so.8.1)
==703438==    by 0x4892CD4: readline (in /usr/lib/x86_64-linux-gnu/libreadline.so.8.1)
==703438==    by 0x109578: main (main.c:63)
==703438== 
==703438== 8,224 bytes in 2 blocks are still reachable in loss record 80 of 85
==703438==    at 0x4848899: malloc (in /usr/libexec/valgrind/vgpreload_memcheck-amd64-linux.so)
==703438==    by 0x48AABAC: xmalloc (in /usr/lib/x86_64-linux-gnu/libreadline.so.8.1)
==703438==    by 0x4887251: rl_make_bare_keymap (in /usr/lib/x86_64-linux-gnu/libreadline.so.8.1)
==703438==    by 0x4887B6A: rl_generic_bind (in /usr/lib/x86_64-linux-gnu/libreadline.so.8.1)
==703438==    by 0x489275D: rl_bind_keyseq_if_unbound_in_map (in /usr/lib/x86_64-linux-gnu/libreadline.so.8.1)
==703438==    by 0x489293D: ??? (in /usr/lib/x86_64-linux-gnu/libreadline.so.8.1)
==703438==    by 0x4892AB8: rl_initialize (in /usr/lib/x86_64-linux-gnu/libreadline.so.8.1)
==703438==    by 0x4892CD4: readline (in /usr/lib/x86_64-linux-gnu/libreadline.so.8.1)
==703438==    by 0x109578: main (main.c:63)
==703438== 
==703438== 8,224 bytes in 2 blocks are still reachable in loss record 81 of 85
==703438==    at 0x4848899: malloc (in /usr/libexec/valgrind/vgpreload_memcheck-amd64-linux.so)
==703438==    by 0x48AABAC: xmalloc (in /usr/lib/x86_64-linux-gnu/libreadline.so.8.1)
==703438==    by 0x4887251: rl_make_bare_keymap (in /usr/lib/x86_64-linux-gnu/libreadline.so.8.1)
==703438==    by 0x4887B6A: rl_generic_bind (in /usr/lib/x86_64-linux-gnu/libreadline.so.8.1)
==703438==    by 0x489275D: rl_bind_keyseq_if_unbound_in_map (in /usr/lib/x86_64-linux-gnu/libreadline.so.8.1)
==703438==    by 0x4892AD2: rl_initialize (in /usr/lib/x86_64-linux-gnu/libreadline.so.8.1)
==703438==    by 0x4892CD4: readline (in /usr/lib/x86_64-linux-gnu/libreadline.so.8.1)
==703438==    by 0x109578: main (main.c:63)
==703438== 
==703438== 8,224 bytes in 2 blocks are still reachable in loss record 82 of 85
==703438==    at 0x4848899: malloc (in /usr/libexec/valgrind/vgpreload_memcheck-amd64-linux.so)
==703438==    by 0x48AABAC: xmalloc (in /usr/lib/x86_64-linux-gnu/libreadline.so.8.1)
==703438==    by 0x4887251: rl_make_bare_keymap (in /usr/lib/x86_64-linux-gnu/libreadline.so.8.1)
==703438==    by 0x4887B6A: rl_generic_bind (in /usr/lib/x86_64-linux-gnu/libreadline.so.8.1)
==703438==    by 0x489275D: rl_bind_keyseq_if_unbound_in_map (in /usr/lib/x86_64-linux-gnu/libreadline.so.8.1)
==703438==    by 0x4892AE1: rl_initialize (in /usr/lib/x86_64-linux-gnu/libreadline.so.8.1)
==703438==    by 0x4892CD4: readline (in /usr/lib/x86_64-linux-gnu/libreadline.so.8.1)
==703438==    by 0x109578: main (main.c:63)
==703438== 
==703438== 12,336 bytes in 3 blocks are still reachable in loss record 83 of 85
==703438==    at 0x4848899: malloc (in /usr/libexec/valgrind/vgpreload_memcheck-amd64-linux.so)
==703438==    by 0x48AABAC: xmalloc (in /usr/lib/x86_64-linux-gnu/libreadline.so.8.1)
==703438==    by 0x4887251: rl_make_bare_keymap (in /usr/lib/x86_64-linux-gnu/libreadline.so.8.1)
==703438==    by 0x4887B6A: rl_generic_bind (in /usr/lib/x86_64-linux-gnu/libreadline.so.8.1)
==703438==    by 0x489275D: rl_bind_keyseq_if_unbound_in_map (in /usr/lib/x86_64-linux-gnu/libreadline.so.8.1)
==703438==    by 0x4892914: ??? (in /usr/lib/x86_64-linux-gnu/libreadline.so.8.1)
==703438==    by 0x4892A93: rl_initialize (in /usr/lib/x86_64-linux-gnu/libreadline.so.8.1)
==703438==    by 0x4892CD4: readline (in /usr/lib/x86_64-linux-gnu/libreadline.so.8.1)
==703438==    by 0x109578: main (main.c:63)
==703438== 
==703438== 12,336 bytes in 3 blocks are still reachable in loss record 84 of 85
==703438==    at 0x4848899: malloc (in /usr/libexec/valgrind/vgpreload_memcheck-amd64-linux.so)
==703438==    by 0x48AABAC: xmalloc (in /usr/lib/x86_64-linux-gnu/libreadline.so.8.1)
==703438==    by 0x4887251: rl_make_bare_keymap (in /usr/lib/x86_64-linux-gnu/libreadline.so.8.1)
==703438==    by 0x4887B6A: rl_generic_bind (in /usr/lib/x86_64-linux-gnu/libreadline.so.8.1)
==703438==    by 0x489275D: rl_bind_keyseq_if_unbound_in_map (in /usr/lib/x86_64-linux-gnu/libreadline.so.8.1)
==703438==    by 0x4892914: ??? (in /usr/lib/x86_64-linux-gnu/libreadline.so.8.1)
==703438==    by 0x4892AB8: rl_initialize (in /usr/lib/x86_64-linux-gnu/libreadline.so.8.1)
==703438==    by 0x4892CD4: readline (in /usr/lib/x86_64-linux-gnu/libreadline.so.8.1)
==703438==    by 0x109578: main (main.c:63)
==703438== 
==703438== 28,784 bytes in 7 blocks are still reachable in loss record 85 of 85
==703438==    at 0x4848899: malloc (in /usr/libexec/valgrind/vgpreload_memcheck-amd64-linux.so)
==703438==    by 0x48AABAC: xmalloc (in /usr/lib/x86_64-linux-gnu/libreadline.so.8.1)
==703438==    by 0x4887251: rl_make_bare_keymap (in /usr/lib/x86_64-linux-gnu/libreadline.so.8.1)
==703438==    by 0x4887B6A: rl_generic_bind (in /usr/lib/x86_64-linux-gnu/libreadline.so.8.1)
==703438==    by 0x489899E: rl_parse_and_bind (in /usr/lib/x86_64-linux-gnu/libreadline.so.8.1)
==703438==    by 0x4898B6C: ??? (in /usr/lib/x86_64-linux-gnu/libreadline.so.8.1)
==703438==    by 0x4892A38: rl_initialize (in /usr/lib/x86_64-linux-gnu/libreadline.so.8.1)
==703438==    by 0x4892CD4: readline (in /usr/lib/x86_64-linux-gnu/libreadline.so.8.1)
==703438==    by 0x109578: main (main.c:63)
==703438== 
==703438== LEAK SUMMARY:
==703438==    definitely lost: 0 bytes in 0 blocks
==703438==    indirectly lost: 0 bytes in 0 blocks
==703438==      possibly lost: 0 bytes in 0 blocks
==703438==    still reachable: 221,975 bytes in 555 blocks
==703438==         suppressed: 0 bytes in 0 blocks
==703438== 
==703438== ERROR SUMMARY: 0 errors from 0 contexts (suppressed: 0 from 0)
